Archive member included to satisfy reference by file (symbol)

e:/phan mem hoc tap bk/stm32/stm32cubeide_1.7.0/stm32cubeide/plugins/com.st.stm32cube.ide.mcu.externaltools.gnu-tools-for-stm32.9-2020-q2-update.win32_2.0.0.202105311346/tools/bin/../lib/gcc/arm-none-eabi/9.3.1/../../../../arm-none-eabi/lib/thumb/v7-m/nofp\libc_nano.a(lib_a-errno.o)
                              ./Core/Src/syscalls.o (__errno)
e:/phan mem hoc tap bk/stm32/stm32cubeide_1.7.0/stm32cubeide/plugins/com.st.stm32cube.ide.mcu.externaltools.gnu-tools-for-stm32.9-2020-q2-update.win32_2.0.0.202105311346/tools/bin/../lib/gcc/arm-none-eabi/9.3.1/../../../../arm-none-eabi/lib/thumb/v7-m/nofp\libc_nano.a(lib_a-exit.o)
                              e:/phan mem hoc tap bk/stm32/stm32cubeide_1.7.0/stm32cubeide/plugins/com.st.stm32cube.ide.mcu.externaltools.gnu-tools-for-stm32.9-2020-q2-update.win32_2.0.0.202105311346/tools/bin/../lib/gcc/arm-none-eabi/9.3.1/../../../../arm-none-eabi/lib/thumb/v7-m/nofp/crt0.o (exit)
e:/phan mem hoc tap bk/stm32/stm32cubeide_1.7.0/stm32cubeide/plugins/com.st.stm32cube.ide.mcu.externaltools.gnu-tools-for-stm32.9-2020-q2-update.win32_2.0.0.202105311346/tools/bin/../lib/gcc/arm-none-eabi/9.3.1/../../../../arm-none-eabi/lib/thumb/v7-m/nofp\libc_nano.a(lib_a-impure.o)
                              e:/phan mem hoc tap bk/stm32/stm32cubeide_1.7.0/stm32cubeide/plugins/com.st.stm32cube.ide.mcu.externaltools.gnu-tools-for-stm32.9-2020-q2-update.win32_2.0.0.202105311346/tools/bin/../lib/gcc/arm-none-eabi/9.3.1/../../../../arm-none-eabi/lib/thumb/v7-m/nofp\libc_nano.a(lib_a-exit.o) (_global_impure_ptr)
e:/phan mem hoc tap bk/stm32/stm32cubeide_1.7.0/stm32cubeide/plugins/com.st.stm32cube.ide.mcu.externaltools.gnu-tools-for-stm32.9-2020-q2-update.win32_2.0.0.202105311346/tools/bin/../lib/gcc/arm-none-eabi/9.3.1/../../../../arm-none-eabi/lib/thumb/v7-m/nofp\libc_nano.a(lib_a-init.o)
                              e:/phan mem hoc tap bk/stm32/stm32cubeide_1.7.0/stm32cubeide/plugins/com.st.stm32cube.ide.mcu.externaltools.gnu-tools-for-stm32.9-2020-q2-update.win32_2.0.0.202105311346/tools/bin/../lib/gcc/arm-none-eabi/9.3.1/../../../../arm-none-eabi/lib/thumb/v7-m/nofp/crt0.o (__libc_init_array)
e:/phan mem hoc tap bk/stm32/stm32cubeide_1.7.0/stm32cubeide/plugins/com.st.stm32cube.ide.mcu.externaltools.gnu-tools-for-stm32.9-2020-q2-update.win32_2.0.0.202105311346/tools/bin/../lib/gcc/arm-none-eabi/9.3.1/../../../../arm-none-eabi/lib/thumb/v7-m/nofp\libc_nano.a(lib_a-memset.o)
                              e:/phan mem hoc tap bk/stm32/stm32cubeide_1.7.0/stm32cubeide/plugins/com.st.stm32cube.ide.mcu.externaltools.gnu-tools-for-stm32.9-2020-q2-update.win32_2.0.0.202105311346/tools/bin/../lib/gcc/arm-none-eabi/9.3.1/../../../../arm-none-eabi/lib/thumb/v7-m/nofp/crt0.o (memset)

Allocating common symbols
Common symbol       size              file

uwTick              0x4               ./Drivers/STM32F1xx_HAL_Driver/Src/stm32f1xx_hal.o
pFlash              0x20              ./Drivers/STM32F1xx_HAL_Driver/Src/stm32f1xx_hal_flash.o
htim2               0x48              ./Core/Src/main.o

Discarded input sections

 .text          0x0000000000000000        0x0 e:/phan mem hoc tap bk/stm32/stm32cubeide_1.7.0/stm32cubeide/plugins/com.st.stm32cube.ide.mcu.externaltools.gnu-tools-for-stm32.9-2020-q2-update.win32_2.0.0.202105311346/tools/bin/../lib/gcc/arm-none-eabi/9.3.1/thumb/v7-m/nofp/crti.o
 .data          0x0000000000000000        0x0 e:/phan mem hoc tap bk/stm32/stm32cubeide_1.7.0/stm32cubeide/plugins/com.st.stm32cube.ide.mcu.externaltools.gnu-tools-for-stm32.9-2020-q2-update.win32_2.0.0.202105311346/tools/bin/../lib/gcc/arm-none-eabi/9.3.1/thumb/v7-m/nofp/crti.o
 .bss           0x0000000000000000        0x0 e:/phan mem hoc tap bk/stm32/stm32cubeide_1.7.0/stm32cubeide/plugins/com.st.stm32cube.ide.mcu.externaltools.gnu-tools-for-stm32.9-2020-q2-update.win32_2.0.0.202105311346/tools/bin/../lib/gcc/arm-none-eabi/9.3.1/thumb/v7-m/nofp/crti.o
 .data          0x0000000000000000        0x4 e:/phan mem hoc tap bk/stm32/stm32cubeide_1.7.0/stm32cubeide/plugins/com.st.stm32cube.ide.mcu.externaltools.gnu-tools-for-stm32.9-2020-q2-update.win32_2.0.0.202105311346/tools/bin/../lib/gcc/arm-none-eabi/9.3.1/thumb/v7-m/nofp/crtbegin.o
 .text          0x0000000000000000       0x7c e:/phan mem hoc tap bk/stm32/stm32cubeide_1.7.0/stm32cubeide/plugins/com.st.stm32cube.ide.mcu.externaltools.gnu-tools-for-stm32.9-2020-q2-update.win32_2.0.0.202105311346/tools/bin/../lib/gcc/arm-none-eabi/9.3.1/../../../../arm-none-eabi/lib/thumb/v7-m/nofp/crt0.o
 .data          0x0000000000000000        0x0 e:/phan mem hoc tap bk/stm32/stm32cubeide_1.7.0/stm32cubeide/plugins/com.st.stm32cube.ide.mcu.externaltools.gnu-tools-for-stm32.9-2020-q2-update.win32_2.0.0.202105311346/tools/bin/../lib/gcc/arm-none-eabi/9.3.1/../../../../arm-none-eabi/lib/thumb/v7-m/nofp/crt0.o
[...]
Memory Configuration

Name             Origin             Length             Attributes
RAM              0x0000000020000000 0x0000000000002800 xrw
FLASH            0x0000000008000000 0x0000000000008000 xr
*default*        0x0000000000000000 0xffffffffffffffff

Linker script and memory map

LOAD e:/phan mem hoc tap bk/stm32/stm32cubeide_1.7.0/stm32cubeide/plugins/com.st.stm32cube.ide.mcu.externaltools.gnu-tools-for-stm32.9-2020-q2-update.win32_2.0.0.202105311346/tools/bin/../lib/gcc/arm-none-eabi/9.3.1/thumb/v7-m/nofp/crti.o
LOAD e:/phan mem hoc tap bk/stm32/stm32cubeide_1.7.0/stm32cubeide/plugins/com.st.stm32cube.ide.mcu.externaltools.gnu-tools-for-stm32.9-2020-q2-update.win32_2.0.0.202105311346/tools/bin/../lib/gcc/arm-none-eabi/9.3.1/thumb/v7-m/nofp/crtbegin.o
LOAD e:/phan mem hoc tap bk/stm32/stm32cubeide_1.7.0/stm32cubeide/plugins/com.st.stm32cube.ide.mcu.externaltools.gnu-tools-for-stm32.9-2020-q2-update.win32_2.0.0.202105311346/tools/bin/../lib/gcc/arm-none-eabi/9.3.1/../../../../arm-none-eabi/lib/thumb/v7-m/nofp/crt0.o
LOAD ./Core/Src/button.o
LOAD ./Core/Src/check_mode.o
LOAD ./Core/Src/fsm_auto.o
LOAD ./Core/Src/global.o
LOAD ./Core/Src/main.o
LOAD ./Core/Src/software_timer.o
LOAD ./Core/Src/stm32f1xx_hal_msp.o
LOAD ./Core/Src/stm32f1xx_it.o
LOAD ./Core/Src/syscalls.o
LOAD ./Core/Src/sysmem.o
LOAD ./Core/Src/system_stm32f1xx.o
LOAD ./Core/Startup/startup_stm32f103c6ux.o
LOAD ./Drivers/STM32F1xx_HAL_Driver/Src/stm32f1xx_hal.o
LOAD ./Drivers/STM32F1xx_HAL_Driver/Src/stm32f1xx_hal_cortex.o
LOAD ./Drivers/STM32F1xx_HAL_Driver/Src/stm32f1xx_hal_dma.o
LOAD ./Drivers/STM32F1xx_HAL_Driver/Src/stm32f1xx_hal_exti.o
LOAD ./Drivers/STM32F1xx_HAL_Driver/Src/stm32f1xx_hal_flash.o
LOAD ./Drivers/STM32F1xx_HAL_Driver/Src/stm32f1xx_hal_flash_ex.o
LOAD ./Drivers/STM32F1xx_HAL_Driver/Src/stm32f1xx_hal_gpio.o
LOAD ./Drivers/STM32F1xx_HAL_Driver/Src/stm32f1xx_hal_gpio_ex.o
LOAD ./Drivers/STM32F1xx_HAL_Driver/Src/stm32f1xx_hal_pwr.o
LOAD ./Drivers/STM32F1xx_HAL_Driver/Src/stm32f1xx_hal_rcc.o
LOAD ./Drivers/STM32F1xx_HAL_Driver/Src/stm32f1xx_hal_rcc_ex.o
LOAD ./Drivers/STM32F1xx_HAL_Driver/Src/stm32f1xx_hal_tim.o
LOAD ./Drivers/STM32F1xx_HAL_Driver/Src/stm32f1xx_hal_tim_ex.o
START GROUP
LOAD e:/phan mem hoc tap bk/stm32/stm32cubeide_1.7.0/stm32cubeide/plugins/com.st.stm32cube.ide.mcu.externaltools.gnu-tools-for-stm32.9-2020-q2-update.win32_2.0.0.202105311346/tools/bin/../lib/gcc/arm-none-eabi/9.3.1/../../../../arm-none-eabi/lib/thumb/v7-m/nofp\libc_nano.a
LOAD e:/phan mem hoc tap bk/stm32/stm32cubeide_1.7.0/stm32cubeide/plugins/com.st.stm32cube.ide.mcu.externaltools.gnu-tools-for-stm32.9-2020-q2-update.win32_2.0.0.202105311346/tools/bin/../lib/gcc/arm-none-eabi/9.3.1/../../../../arm-none-eabi/lib/thumb/v7-m/nofp\libm.a
END GROUP
START GROUP
LOAD e:/phan mem hoc tap bk/stm32/stm32cubeide_1.7.0/stm32cubeide/plugins/com.st.stm32cube.ide.mcu.externaltools.gnu-tools-for-stm32.9-2020-q2-update.win32_2.0.0.202105311346/tools/bin/../lib/gcc/arm-none-eabi/9.3.1/thumb/v7-m/nofp\libgcc.a
LOAD e:/phan mem hoc tap bk/stm32/stm32cubeide_1.7.0/stm32cubeide/plugins/com.st.stm32cube.ide.mcu.externaltools.gnu-tools-for-stm32.9-2020-q2-update.win32_2.0.0.202105311346/tools/bin/../lib/gcc/arm-none-eabi/9.3.1/../../../../arm-none-eabi/lib/thumb/v7-m/nofp\libc_nano.a
END GROUP
START GROUP
LOAD e:/phan mem hoc tap bk/stm32/stm32cubeide_1.7.0/stm32cubeide/plugins/com.st.stm32cube.ide.mcu.externaltools.gnu-tools-for-stm32.9-2020-q2-update.win32_2.0.0.202105311346/tools/bin/../lib/gcc/arm-none-eabi/9.3.1/thumb/v7-m/nofp\libgcc.a
LOAD e:/phan mem hoc tap bk/stm32/stm32cubeide_1.7.0/stm32cubeide/plugins/com.st.stm32cube.ide.mcu.externaltools.gnu-tools-for-stm32.9-2020-q2-update.win32_2.0.0.202105311346/tools/bin/../lib/gcc/arm-none-eabi/9.3.1/../../../../arm-none-eabi/lib/thumb/v7-m/nofp\libc_nano.a
LOAD e:/phan mem hoc tap bk/stm32/stm32cubeide_1.7.0/stm32cubeide/plugins/com.st.stm32cube.ide.mcu.externaltools.gnu-tools-for-stm32.9-2020-q2-update.win32_2.0.0.202105311346/tools/bin/../lib/gcc/arm-none-eabi/9.3.1/../../../../arm-none-eabi/lib/thumb/v7-m/nofp\libnosys.a
END GROUP
START GROUP
LOAD e:/phan mem hoc tap bk/stm32/stm32cubeide_1.7.0/stm32cubeide/plugins/com.st.stm32cube.ide.mcu.externaltools.gnu-tools-for-stm32.9-2020-q2-update.win32_2.0.0.202105311346/tools/bin/../lib/gcc/arm-none-eabi/9.3.1/thumb/v7-m/nofp\libgcc.a
LOAD e:/phan mem hoc tap bk/stm32/stm32cubeide_1.7.0/stm32cubeide/plugins/com.st.stm32cube.ide.mcu.externaltools.gnu-tools-for-stm32.9-2020-q2-update.win32_2.0.0.202105311346/tools/bin/../lib/gcc/arm-none-eabi/9.3.1/../../../../arm-none-eabi/lib/thumb/v7-m/nofp\libc_nano.a
LOAD e:/phan mem hoc tap bk/stm32/stm32cubeide_1.7.0/stm32cubeide/plugins/com.st.stm32cube.ide.mcu.externaltools.gnu-tools-for-stm32.9-2020-q2-update.win32_2.0.0.202105311346/tools/bin/../lib/gcc/arm-none-eabi/9.3.1/../../../../arm-none-eabi/lib/thumb/v7-m/nofp\libnosys.a
END GROUP
LOAD e:/phan mem hoc tap bk/stm32/stm32cubeide_1.7.0/stm32cubeide/plugins/com.st.stm32cube.ide.mcu.externaltools.gnu-tools-for-stm32.9-2020-q2-update.win32_2.0.0.202105311346/tools/bin/../lib/gcc/arm-none-eabi/9.3.1/thumb/v7-m/nofp/crtend.o
LOAD e:/phan mem hoc tap bk/stm32/stm32cubeide_1.7.0/stm32cubeide/plugins/com.st.stm32cube.ide.mcu.externaltools.gnu-tools-for-stm32.9-2020-q2-update.win32_2.0.0.202105311346/tools/bin/../lib/gcc/arm-none-eabi/9.3.1/thumb/v7-m/nofp/crtn.o
                0x0000000020002800                _estack = (ORIGIN (RAM) + LENGTH (RAM))
                0x0000000000000200                _Min_Heap_Size = 0x200
                0x0000000000000400                _Min_Stack_Size = 0x400

.isr_vector     0x0000000008000000      0x10c
                0x0000000008000000                . = ALIGN (0x4)
 *(.isr_vector)
 .isr_vector    0x0000000008000000      0x10c ./Core/Startup/startup_stm32f103c6ux.o
                0x0000000008000000                g_pfnVectors
                0x000000000800010c                . = ALIGN (0x4)

.text           0x000000000800010c     0x33c0
                0x000000000800010c                . = ALIGN (0x4)
 *(.text)
 .text          0x000000000800010c       0x40 e:/phan mem hoc tap bk/stm32/stm32cubeide_1.7.0/stm32cubeide/plugins/com.st.stm32cube.ide.mcu.externaltools.gnu-tools-for-stm32.9-2020-q2-update.win32_2.0.0.202105311346/tools/bin/../lib/gcc/arm-none-eabi/9.3.1/thumb/v7-m/nofp/crtbegin.o
 *(.text*)
 .text.isButton1Pressed
                0x000000000800014c       0x24 ./Core/Src/button.o
                0x000000000800014c                isButton1Pressed
 .text.isButton2Pressed
                0x0000000008000170       0x24 ./Core/Src/button.o
                0x0000000008000170                isButton2Pressed
 .text.isButton3Pressed
                0x0000000008000194       0x24 ./Core/Src/button.o
                0x0000000008000194                isButton3Pressed
 .text.subKeyProcess1
                0x00000000080001b8       0x18 ./Core/Src/button.o
                0x00000000080001b8                subKeyProcess1
 .text.subKeyProcess2
                0x00000000080001d0       0x18 ./Core/Src/button.o
                0x00000000080001d0                subKeyProcess2
 .text.subKeyProcess3
                0x00000000080001e8       0x18 ./Core/Src/button.o
                0x00000000080001e8                subKeyProcess3
 .text.getKeyInput
                0x0000000008000200      0x18c ./Core/Src/button.o
                0x0000000008000200                getKeyInput
 .text.checkCount
                0x000000000800038c      0x1e8 ./Core/Src/check_mode.o
                0x000000000800038c                checkCount
 .text.ledMode2
                0x0000000008000574       0x60 ./Core/Src/check_mode.o
                0x0000000008000574                ledMode2
 .text.ledMode3
                0x00000000080005d4       0x60 ./Core/Src/check_mode.o
                0x00000000080005d4                ledMode3
 .text.ledMode4
                0x0000000008000634       0x60 ./Core/Src/check_mode.o
                0x0000000008000634                ledMode4
 .text.checkMode
                0x0000000008000694      0x3e0 ./Core/Src/check_mode.o
                0x0000000008000694                checkMode
 .text.decreaseAfter1s
                0x0000000008000a74      0x14c ./Core/Src/fsm_auto.o
                0x0000000008000a74                decreaseAfter1s
 .text.checkEN  0x0000000008000bc0      0x2c8 ./Core/Src/fsm_auto.o
                0x0000000008000bc0                checkEN
 .text.fsm_auto_run
                0x0000000008000e88      0x360 ./Core/Src/fsm_auto.o
                0x0000000008000e88                fsm_auto_run
 .text.main     0x00000000080011e8       0x5c ./Core/Src/main.o
                0x00000000080011e8                main
 .text.SystemClock_Config
                0x0000000008001244       0x76 ./Core/Src/main.o
                0x0000000008001244                SystemClock_Config
 *fill*         0x00000000080012ba        0x2 
 .text.MX_TIM2_Init
                0x00000000080012bc       0x98 ./Core/Src/main.o
 .text.MX_GPIO_Init
                0x0000000008001354       0xc8 ./Core/Src/main.o
 .text.HAL_TIM_PeriodElapsedCallback
                0x000000000800141c       0x18 ./Core/Src/main.o
                0x000000000800141c                HAL_TIM_PeriodElapsedCallback
 .text.display7SEG
                0x0000000008001434      0x330 ./Core/Src/main.o
                0x0000000008001434                display7SEG
 .text.display7SEG1
                0x0000000008001764      0x3b0 ./Core/Src/main.o
                0x0000000008001764                display7SEG1
 .text.Error_Handler
                0x0000000008001b14        0xa ./Core/Src/main.o
                0x0000000008001b14                Error_Handler
 *fill*         0x0000000008001b1e        0x2 
 .text.setTimer1
                0x0000000008001b20       0x34 ./Core/Src/software_timer.o
                0x0000000008001b20                setTimer1
 .text.setTimer2
                0x0000000008001b54       0x34 ./Core/Src/software_timer.o
                0x0000000008001b54                setTimer2
 .text.setTimer3
                0x0000000008001b88       0x34 ./Core/Src/software_timer.o
                0x0000000008001b88                setTimer3
 .text.setTimer4
                0x0000000008001bbc       0x34 ./Core/Src/software_timer.o
                0x0000000008001bbc                setTimer4
 .text.setTimer5
                0x0000000008001bf0       0x34 ./Core/Src/software_timer.o
                0x0000000008001bf0                setTimer5
 .text.timerRun
                0x0000000008001c24       0xd4 ./Core/Src/software_timer.o
                0x0000000008001c24                timerRun
 .text.HAL_MspInit
                0x0000000008001cf8       0x64 ./Core/Src/stm32f1xx_hal_msp.o
                0x0000000008001cf8                HAL_MspInit
 .text.HAL_TIM_Base_MspInit
                0x0000000008001d5c       0x48 ./Core/Src/stm32f1xx_hal_msp.o
                0x0000000008001d5c                HAL_TIM_Base_MspInit
 .text.NMI_Handler
                0x0000000008001da4        0x6 ./Core/Src/stm32f1xx_it.o
                0x0000000008001da4                NMI_Handler
 .text.HardFault_Handler
                0x0000000008001daa        0x6 ./Core/Src/stm32f1xx_it.o
                0x0000000008001daa                HardFault_Handler
 .text.MemManage_Handler
                0x0000000008001db0        0x6 ./Core/Src/stm32f1xx_it.o
                0x0000000008001db0                MemManage_Handler
 .text.BusFault_Handler
                0x0000000008001db6        0x6 ./Core/Src/stm32f1xx_it.o
                0x0000000008001db6                BusFault_Handler
 .text.UsageFault_Handler
                0x0000000008001dbc        0x6 ./Core/Src/stm32f1xx_it.o
                0x0000000008001dbc                UsageFault_Handler
 .text.SVC_Handler
                0x0000000008001dc2        0xc ./Core/Src/stm32f1xx_it.o
                0x0000000008001dc2                SVC_Handler
 .text.DebugMon_Handler
                0x0000000008001dce        0xc ./Core/Src/stm32f1xx_it.o
                0x0000000008001dce                DebugMon_Handler
 .text.PendSV_Handler
                0x0000000008001dda        0xc ./Core/Src/stm32f1xx_it.o
                0x0000000008001dda                PendSV_Handler
 .text.SysTick_Handler
                0x0000000008001de6        0xc ./Core/Src/stm32f1xx_it.o
                0x0000000008001de6                SysTick_Handler
 *fill*         0x0000000008001df2        0x2 
 .text.TIM2_IRQHandler
                0x0000000008001df4       0x14 ./Core/Src/stm32f1xx_it.o
                0x0000000008001df4                TIM2_IRQHandler
 .text.SystemInit
                0x0000000008001e08        0xc ./Core/Src/system_stm32f1xx.o
                0x0000000008001e08                SystemInit
 .text.Reset_Handler
                0x0000000008001e14       0x48 ./Core/Startup/startup_stm32f103c6ux.o
                0x0000000008001e14                Reset_Handler
 .text.Default_Handler
                0x0000000008001e5c        0x2 ./Core/Startup/startup_stm32f103c6ux.o
                0x0000000008001e5c                RTC_Alarm_IRQHandler
                0x0000000008001e5c                EXTI2_IRQHandler
                0x0000000008001e5c                TIM1_CC_IRQHandler
                0x0000000008001e5c                PVD_IRQHandler
                0x0000000008001e5c                EXTI3_IRQHandler
                0x0000000008001e5c                EXTI0_IRQHandler
                0x0000000008001e5c                ADC1_2_IRQHandler
                0x0000000008001e5c                SPI1_IRQHandler
                0x0000000008001e5c                TAMPER_IRQHandler
                0x0000000008001e5c                DMA1_Channel4_IRQHandler
                0x0000000008001e5c                RTC_IRQHandler
                0x0000000008001e5c                DMA1_Channel7_IRQHandler
                0x0000000008001e5c                CAN1_RX1_IRQHandler
                0x0000000008001e5c                I2C1_EV_IRQHandler
                0x0000000008001e5c                DMA1_Channel6_IRQHandler
                0x0000000008001e5c                TIM3_IRQHandler
                0x0000000008001e5c                RCC_IRQHandler
                0x0000000008001e5c                TIM1_TRG_COM_IRQHandler
                0x0000000008001e5c                DMA1_Channel1_IRQHandler
                0x0000000008001e5c                Default_Handler
                0x0000000008001e5c                EXTI15_10_IRQHandler
                0x0000000008001e5c                EXTI9_5_IRQHandler
                0x0000000008001e5c                DMA1_Channel5_IRQHandler
                0x0000000008001e5c                EXTI4_IRQHandler
                0x0000000008001e5c                USB_LP_CAN1_RX0_IRQHandler
                0x0000000008001e5c                USB_HP_CAN1_TX_IRQHandler
                0x0000000008001e5c                DMA1_Channel3_IRQHandler
                0x0000000008001e5c                TIM1_UP_IRQHandler
                0x0000000008001e5c                WWDG_IRQHandler
                0x0000000008001e5c                TIM1_BRK_IRQHandler
                0x0000000008001e5c                EXTI1_IRQHandler
                0x0000000008001e5c                USART2_IRQHandler
                0x0000000008001e5c                DMA1_Channel2_IRQHandler
                0x0000000008001e5c                CAN1_SCE_IRQHandler
                0x0000000008001e5c                FLASH_IRQHandler
                0x0000000008001e5c                USART1_IRQHandler
                0x0000000008001e5c                I2C1_ER_IRQHandler
                0x0000000008001e5c                USBWakeUp_IRQHandler
 *fill*         0x0000000008001e5e        0x2 
 .text.HAL_Init
                0x0000000008001e60       0x2c ./Drivers/STM32F1xx_HAL_Driver/Src/stm32f1xx_hal.o
                0x0000000008001e60                HAL_Init
 .text.HAL_InitTick
                0x0000000008001e8c       0x60 ./Drivers/STM32F1xx_HAL_Driver/Src/stm32f1xx_hal.o
                0x0000000008001e8c                HAL_InitTick
 .text.HAL_IncTick
                0x0000000008001eec       0x24 ./Drivers/STM32F1xx_HAL_Driver/Src/stm32f1xx_hal.o
                0x0000000008001eec                HAL_IncTick
 .text.HAL_GetTick
                0x0000000008001f10       0x14 ./Drivers/STM32F1xx_HAL_Driver/Src/stm32f1xx_hal.o
                0x0000000008001f10                HAL_GetTick
 .text.__NVIC_SetPriorityGrouping
                0x0000000008001f24       0x48 ./Drivers/STM32F1xx_HAL_Driver/Src/stm32f1xx_hal_cortex.o
 .text.__NVIC_GetPriorityGrouping
                0x0000000008001f6c       0x1c ./Drivers/STM32F1xx_HAL_Driver/Src/stm32f1xx_hal_cortex.o
 .text.__NVIC_EnableIRQ
                0x0000000008001f88       0x38 ./Drivers/STM32F1xx_HAL_Driver/Src/stm32f1xx_hal_cortex.o
 .text.__NVIC_SetPriority
                0x0000000008001fc0       0x54 ./Drivers/STM32F1xx_HAL_Driver/Src/stm32f1xx_hal_cortex.o
 .text.NVIC_EncodePriority
                0x0000000008002014       0x64 ./Drivers/STM32F1xx_HAL_Driver/Src/stm32f1xx_hal_cortex.o
 .text.SysTick_Config
                0x0000000008002078       0x44 ./Drivers/STM32F1xx_HAL_Driver/Src/stm32f1xx_hal_cortex.o
 .text.HAL_NVIC_SetPriorityGrouping
                0x00000000080020bc       0x16 ./Drivers/STM32F1xx_HAL_Driver/Src/stm32f1xx_hal_cortex.o
                0x00000000080020bc                HAL_NVIC_SetPriorityGrouping
 .text.HAL_NVIC_SetPriority
                0x00000000080020d2       0x38 ./Drivers/STM32F1xx_HAL_Driver/Src/stm32f1xx_hal_cortex.o
                0x00000000080020d2                HAL_NVIC_SetPriority
 .text.HAL_NVIC_EnableIRQ
                0x000000000800210a       0x1c ./Drivers/STM32F1xx_HAL_Driver/Src/stm32f1xx_hal_cortex.o
                0x000000000800210a                HAL_NVIC_EnableIRQ
 .text.HAL_SYSTICK_Config
                0x0000000008002126       0x18 ./Drivers/STM32F1xx_HAL_Driver/Src/stm32f1xx_hal_cortex.o
                0x0000000008002126                HAL_SYSTICK_Config
 *fill*         0x000000000800213e        0x2 
 .text.HAL_GPIO_Init
                0x0000000008002140      0x2f4 ./Drivers/STM32F1xx_HAL_Driver/Src/stm32f1xx_hal_gpio.o
                0x0000000008002140                HAL_GPIO_Init
 .text.HAL_GPIO_ReadPin
                0x0000000008002434       0x2e ./Drivers/STM32F1xx_HAL_Driver/Src/stm32f1xx_hal_gpio.o
                0x0000000008002434                HAL_GPIO_ReadPin
 .text.HAL_GPIO_WritePin
                0x0000000008002462       0x30 ./Drivers/STM32F1xx_HAL_Driver/Src/stm32f1xx_hal_gpio.o
                0x0000000008002462                HAL_GPIO_WritePin
 .text.HAL_GPIO_TogglePin
                0x0000000008002492       0x32 ./Drivers/STM32F1xx_HAL_Driver/Src/stm32f1xx_hal_gpio.o
                0x0000000008002492                HAL_GPIO_TogglePin
 .text.HAL_RCC_OscConfig
                0x00000000080024c4      0x500 ./Drivers/STM32F1xx_HAL_Driver/Src/stm32f1xx_hal_rcc.o
                0x00000000080024c4                HAL_RCC_OscConfig
 .text.HAL_RCC_ClockConfig
                0x00000000080029c4      0x1d4 ./Drivers/STM32F1xx_HAL_Driver/Src/stm32f1xx_hal_rcc.o
                0x00000000080029c4                HAL_RCC_ClockConfig
 .text.HAL_RCC_GetSysClockFreq
                0x0000000008002b98       0xc0 ./Drivers/STM32F1xx_HAL_Driver/Src/stm32f1xx_hal_rcc.o
                0x0000000008002b98                HAL_RCC_GetSysClockFreq
 .text.RCC_Delay
                0x0000000008002c58       0x3c ./Drivers/STM32F1xx_HAL_Driver/Src/stm32f1xx_hal_rcc.o
 .text.HAL_TIM_Base_Init
                0x0000000008002c94       0x9e ./Drivers/STM32F1xx_HAL_Driver/Src/stm32f1xx_hal_tim.o
                0x0000000008002c94                HAL_TIM_Base_Init
 *fill*         0x0000000008002d32        0x2 
 .text.HAL_TIM_Base_Start_IT
                0x0000000008002d34       0x98 ./Drivers/STM32F1xx_HAL_Driver/Src/stm32f1xx_hal_tim.o
                0x0000000008002d34                HAL_TIM_Base_Start_IT
 .text.HAL_TIM_IRQHandler
                0x0000000008002dcc      0x210 ./Drivers/STM32F1xx_HAL_Driver/Src/stm32f1xx_hal_tim.o
                0x0000000008002dcc                HAL_TIM_IRQHandler
 .text.HAL_TIM_ConfigClockSource
                0x0000000008002fdc      0x188 ./Drivers/STM32F1xx_HAL_Driver/Src/stm32f1xx_hal_tim.o
                0x0000000008002fdc                HAL_TIM_ConfigClockSource
 .text.HAL_TIM_OC_DelayElapsedCallback
                0x0000000008003164       0x12 ./Drivers/STM32F1xx_HAL_Driver/Src/stm32f1xx_hal_tim.o
                0x0000000008003164                HAL_TIM_OC_DelayElapsedCallback
 .text.HAL_TIM_IC_CaptureCallback
                0x0000000008003176       0x12 ./Drivers/STM32F1xx_HAL_Driver/Src/stm32f1xx_hal_tim.o
                0x0000000008003176                HAL_TIM_IC_CaptureCallback
 .text.HAL_TIM_PWM_PulseFinishedCallback
                0x0000000008003188       0x12 ./Drivers/STM32F1xx_HAL_Driver/Src/stm32f1xx_hal_tim.o
                0x0000000008003188                HAL_TIM_PWM_PulseFinishedCallback
 .text.HAL_TIM_TriggerCallback
                0x000000000800319a       0x12 ./Drivers/STM32F1xx_HAL_Driver/Src/stm32f1xx_hal_tim.o
                0x000000000800319a                HAL_TIM_TriggerCallback
 .text.TIM_Base_SetConfig
                0x00000000080031ac       0xb0 ./Drivers/STM32F1xx_HAL_Driver/Src/stm32f1xx_hal_tim.o
                0x00000000080031ac                TIM_Base_SetConfig
 .text.TIM_TI1_ConfigInputStage
                0x000000000800325c       0x5c ./Drivers/STM32F1xx_HAL_Driver/Src/stm32f1xx_hal_tim.o
 .text.TIM_TI2_ConfigInputStage
                0x00000000080032b8       0x5e ./Drivers/STM32F1xx_HAL_Driver/Src/stm32f1xx_hal_tim.o
 .text.TIM_ITRx_SetConfig
                0x0000000008003316       0x34 ./Drivers/STM32F1xx_HAL_Driver/Src/stm32f1xx_hal_tim.o
 .text.TIM_ETR_SetConfig
                0x000000000800334a       0x3e ./Drivers/STM32F1xx_HAL_Driver/Src/stm32f1xx_hal_tim.o
                0x000000000800334a                TIM_ETR_SetConfig
 .text.HAL_TIMEx_MasterConfigSynchronization
                0x0000000008003388       0xb0 ./Drivers/STM32F1xx_HAL_Driver/Src/stm32f1xx_hal_tim_ex.o
                0x0000000008003388                HAL_TIMEx_MasterConfigSynchronization
 .text.HAL_TIMEx_CommutCallback
                0x0000000008003438       0x12 ./Drivers/STM32F1xx_HAL_Driver/Src/stm32f1xx_hal_tim_ex.o
                0x0000000008003438                HAL_TIMEx_CommutCallback
 .text.HAL_TIMEx_BreakCallback
                0x000000000800344a       0x12 ./Drivers/STM32F1xx_HAL_Driver/Src/stm32f1xx_hal_tim_ex.o
                0x000000000800344a                HAL_TIMEx_BreakCallback
 .text.__libc_init_array
                0x000000000800345c       0x48 e:/phan mem hoc tap bk/stm32/stm32cubeide_1.7.0/stm32cubeide/plugins/com.st.stm32cube.ide.mcu.externaltools.gnu-tools-for-stm32.9-2020-q2-update.win32_2.0.0.202105311346/tools/bin/../lib/gcc/arm-none-eabi/9.3.1/../../../../arm-none-eabi/lib/thumb/v7-m/nofp\libc_nano.a(lib_a-init.o)
                0x000000000800345c                __libc_init_array
 .text.memset   0x00000000080034a4       0x10 e:/phan mem hoc tap bk/stm32/stm32cubeide_1.7.0/stm32cubeide/plugins/com.st.stm32cube.ide.mcu.externaltools.gnu-tools-for-stm32.9-2020-q2-update.win32_2.0.0.202105311346/tools/bin/../lib/gcc/arm-none-eabi/9.3.1/../../../../arm-none-eabi/lib/thumb/v7-m/nofp\libc_nano.a(lib_a-memset.o)
                0x00000000080034a4                memset
 *(.glue_7)
 .glue_7        0x00000000080034b4        0x0 linker stubs
 *(.glue_7t)
 .glue_7t       0x00000000080034b4        0x0 linker stubs
 *(.eh_frame)
 .eh_frame      0x00000000080034b4        0x0 e:/phan mem hoc tap bk/stm32/stm32cubeide_1.7.0/stm32cubeide/plugins/com.st.stm32cube.ide.mcu.externaltools.gnu-tools-for-stm32.9-2020-q2-update.win32_2.0.0.202105311346/tools/bin/../lib/gcc/arm-none-eabi/9.3.1/thumb/v7-m/nofp/crtbegin.o
 *(.init)
 .init          0x00000000080034b4        0x4 e:/phan mem hoc tap bk/stm32/stm32cubeide_1.7.0/stm32cubeide/plugins/com.st.stm32cube.ide.mcu.externaltools.gnu-tools-for-stm32.9-2020-q2-update.win32_2.0.0.202105311346/tools/bin/../lib/gcc/arm-none-eabi/9.3.1/thumb/v7-m/nofp/crti.o
                0x00000000080034b4                _init
 .init          0x00000000080034b8        0x8 e:/phan mem hoc tap bk/stm32/stm32cubeide_1.7.0/stm32cubeide/plugins/com.st.stm32cube.ide.mcu.externaltools.gnu-tools-for-stm32.9-2020-q2-update.win32_2.0.0.202105311346/tools/bin/../lib/gcc/arm-none-eabi/9.3.1/thumb/v7-m/nofp/crtn.o
 *(.fini)
 .fini          0x00000000080034c0        0x4 e:/phan mem hoc tap bk/stm32/stm32cubeide_1.7.0/stm32cubeide/plugins/com.st.stm32cube.ide.mcu.externaltools.gnu-tools-for-stm32.9-2020-q2-update.win32_2.0.0.202105311346/tools/bin/../lib/gcc/arm-none-eabi/9.3.1/thumb/v7-m/nofp/crti.o
                0x00000000080034c0                _fini
 .fini          0x00000000080034c4        0x8 e:/phan mem hoc tap bk/stm32/stm32cubeide_1.7.0/stm32cubeide/plugins/com.st.stm32cube.ide.mcu.externaltools.gnu-tools-for-stm32.9-2020-q2-update.win32_2.0.0.202105311346/tools/bin/../lib/gcc/arm-none-eabi/9.3.1/thumb/v7-m/nofp/crtn.o
                0x00000000080034cc                . = ALIGN (0x4)
                0x00000000080034cc                _etext = .

.vfp11_veneer   0x00000000080034cc        0x0
 .vfp11_veneer  0x00000000080034cc        0x0 linker stubs

.v4_bx          0x00000000080034cc        0x0
 .v4_bx         0x00000000080034cc        0x0 linker stubs

.iplt           0x00000000080034cc        0x0
 .iplt          0x00000000080034cc        0x0 e:/phan mem hoc tap bk/stm32/stm32cubeide_1.7.0/stm32cubeide/plugins/com.st.stm32cube.ide.mcu.externaltools.gnu-tools-for-stm32.9-2020-q2-update.win32_2.0.0.202105311346/tools/bin/../lib/gcc/arm-none-eabi/9.3.1/thumb/v7-m/nofp/crtbegin.o

.rodata         0x00000000080034cc       0x20
                0x00000000080034cc                . = ALIGN (0x4)
 *(.rodata)
 .rodata        0x00000000080034cc       0x10 ./Drivers/STM32F1xx_HAL_Driver/Src/stm32f1xx_hal_rcc.o
 *(.rodata*)
 .rodata.AHBPrescTable
                0x00000000080034dc       0x10 ./Core/Src/system_stm32f1xx.o
                0x00000000080034dc                AHBPrescTable
                0x00000000080034ec                . = ALIGN (0x4)

.rel.dyn        0x00000000080034ec        0x0
 .rel.iplt      0x00000000080034ec        0x0 e:/phan mem hoc tap bk/stm32/stm32cubeide_1.7.0/stm32cubeide/plugins/com.st.stm32cube.ide.mcu.externaltools.gnu-tools-for-stm32.9-2020-q2-update.win32_2.0.0.202105311346/tools/bin/../lib/gcc/arm-none-eabi/9.3.1/thumb/v7-m/nofp/crtbegin.o

.ARM.extab      0x00000000080034ec        0x0
                0x00000000080034ec                . = ALIGN (0x4)
 *(.ARM.extab* .gnu.linkonce.armextab.*)
                0x00000000080034ec                . = ALIGN (0x4)

.ARM            0x00000000080034ec        0x0
                0x00000000080034ec                . = ALIGN (0x4)
                0x00000000080034ec                __exidx_start = .
 *(.ARM.exidx*)
                0x00000000080034ec                __exidx_end = .
                0x00000000080034ec                . = ALIGN (0x4)

.preinit_array  0x00000000080034ec        0x0
                0x00000000080034ec                . = ALIGN (0x4)
                0x00000000080034ec                PROVIDE (__preinit_array_start = .)
 *(.preinit_array*)
                0x00000000080034ec                PROVIDE (__preinit_array_end = .)
                0x00000000080034ec                . = ALIGN (0x4)

.init_array     0x00000000080034ec        0x4
                0x00000000080034ec                . = ALIGN (0x4)
                0x00000000080034ec                PROVIDE (__init_array_start = .)
 *(SORT_BY_NAME(.init_array.*))
 *(.init_array*)
 .init_array    0x00000000080034ec        0x4 e:/phan mem hoc tap bk/stm32/stm32cubeide_1.7.0/stm32cubeide/plugins/com.st.stm32cube.ide.mcu.externaltools.gnu-tools-for-stm32.9-2020-q2-update.win32_2.0.0.202105311346/tools/bin/../lib/gcc/arm-none-eabi/9.3.1/thumb/v7-m/nofp/crtbegin.o
                0x00000000080034f0                PROVIDE (__init_array_end = .)
                0x00000000080034f0                . = ALIGN (0x4)

.fini_array     0x00000000080034f0        0x4
                0x00000000080034f0                . = ALIGN (0x4)
                [!provide]                        PROVIDE (__fini_array_start = .)
 *(SORT_BY_NAME(.fini_array.*))
 *(.fini_array*)
 .fini_array    0x00000000080034f0        0x4 e:/phan mem hoc tap bk/stm32/stm32cubeide_1.7.0/stm32cubeide/plugins/com.st.stm32cube.ide.mcu.externaltools.gnu-tools-for-stm32.9-2020-q2-update.win32_2.0.0.202105311346/tools/bin/../lib/gcc/arm-none-eabi/9.3.1/thumb/v7-m/nofp/crtbegin.o
                [!provide]                        PROVIDE (__fini_array_end = .)
                0x00000000080034f4                . = ALIGN (0x4)
                0x00000000080034f4                _sidata = LOADADDR (.data)

.data           0x0000000020000000       0x6c load address 0x00000000080034f4
                0x0000000020000000                . = ALIGN (0x4)
                0x0000000020000000                _sdata = .
 *(.data)
 *(.data*)
 .data.KeyReg0  0x0000000020000000       0x10 ./Core/Src/button.o
                0x0000000020000000                KeyReg0
 .data.KeyReg1  0x0000000020000010       0x10 ./Core/Src/button.o
                0x0000000020000010                KeyReg1
 .data.KeyReg2  0x0000000020000020       0x10 ./Core/Src/button.o
                0x0000000020000020                KeyReg2
 .data.TimerForKeyPress
                0x0000000020000030        0x4 ./Core/Src/button.o
                0x0000000020000030                TimerForKeyPress
 .data.mode     0x0000000020000034        0x4 ./Core/Src/global.o
                0x0000000020000034                mode
 .data.red_time
                0x0000000020000038        0x4 ./Core/Src/global.o
                0x0000000020000038                red_time
 .data.green_time
                0x000000002000003c        0x4 ./Core/Src/global.o
                0x000000002000003c                green_time
 .data.yellow_time
                0x0000000020000040        0x4 ./Core/Src/global.o
                0x0000000020000040                yellow_time
 .data.led_buffer_red
                0x0000000020000044        0x8 ./Core/Src/global.o
                0x0000000020000044                led_buffer_red
 .data.led_buffer_green
                0x000000002000004c        0x8 ./Core/Src/global.o
                0x000000002000004c                led_buffer_green
 .data.led_buffer_yellow
                0x0000000020000054        0x8 ./Core/Src/global.o
                0x0000000020000054                led_buffer_yellow
 .data.TICK     0x000000002000005c        0x4 ./Core/Src/software_timer.o
                0x000000002000005c                TICK
 .data.SystemCoreClock
                0x0000000020000060        0x4 ./Core/Src/system_stm32f1xx.o
                0x0000000020000060                SystemCoreClock
 .data.uwTickPrio
                0x0000000020000064        0x4 ./Drivers/STM32F1xx_HAL_Driver/Src/stm32f1xx_hal.o
                0x0000000020000064                uwTickPrio
 .data.uwTickFreq
                0x0000000020000068        0x1 ./Drivers/STM32F1xx_HAL_Driver/Src/stm32f1xx_hal.o
                0x0000000020000068                uwTickFreq
 *(.RamFunc)
 *(.RamFunc*)
                0x000000002000006c                . = ALIGN (0x4)
 *fill*         0x0000000020000069        0x3 
                0x000000002000006c                _edata = .

.igot.plt       0x000000002000006c        0x0 load address 0x0000000008003560
 .igot.plt      0x000000002000006c        0x0 e:/phan mem hoc tap bk/stm32/stm32cubeide_1.7.0/stm32cubeide/plugins/com.st.stm32cube.ide.mcu.externaltools.gnu-tools-for-stm32.9-2020-q2-update.win32_2.0.0.202105311346/tools/bin/../lib/gcc/arm-none-eabi/9.3.1/thumb/v7-m/nofp/crtbegin.o
                0x000000002000006c                . = ALIGN (0x4)

.bss            0x000000002000006c       0xdc load address 0x0000000008003560
                0x000000002000006c                _sbss = .
                0x000000002000006c                __bss_start__ = _sbss
 *(.bss)
 .bss           0x000000002000006c       0x1c e:/phan mem hoc tap bk/stm32/stm32cubeide_1.7.0/stm32cubeide/plugins/com.st.stm32cube.ide.mcu.externaltools.gnu-tools-for-stm32.9-2020-q2-update.win32_2.0.0.202105311346/tools/bin/../lib/gcc/arm-none-eabi/9.3.1/thumb/v7-m/nofp/crtbegin.o
 *(.bss*)
 .bss.button1_flag
                0x0000000020000088        0x4 ./Core/Src/button.o
                0x0000000020000088                button1_flag
 .bss.button2_flag
                0x000000002000008c        0x4 ./Core/Src/button.o
                0x000000002000008c                button2_flag
 .bss.button3_flag
                0x0000000020000090        0x4 ./Core/Src/button.o
                0x0000000020000090                button3_flag
 .bss.count_red1
                0x0000000020000094        0x8 ./Core/Src/fsm_auto.o
                0x0000000020000094                count_red1
 .bss.count_green1
                0x000000002000009c        0x8 ./Core/Src/fsm_auto.o
                0x000000002000009c                count_green1
 .bss.count_yellow1
                0x00000000200000a4        0x8 ./Core/Src/fsm_auto.o
                0x00000000200000a4                count_yellow1
 .bss.count_red2
                0x00000000200000ac        0x8 ./Core/Src/fsm_auto.o
                0x00000000200000ac                count_red2
 .bss.count_green2
                0x00000000200000b4        0x8 ./Core/Src/fsm_auto.o
                0x00000000200000b4                count_green2
 .bss.count_yellow2
                0x00000000200000bc        0x8 ./Core/Src/fsm_auto.o
                0x00000000200000bc                count_yellow2
 .bss.status2   0x00000000200000c4        0x4 ./Core/Src/global.o
                0x00000000200000c4                status2
 .bss.status1   0x00000000200000c8        0x4 ./Core/Src/global.o
                0x00000000200000c8                status1
 .bss.EN        0x00000000200000cc        0x4 ./Core/Src/global.o
                0x00000000200000cc                EN
 .bss.count     0x00000000200000d0        0x4 ./Core/Src/global.o
                0x00000000200000d0                count
 .bss.timer1_flag
                0x00000000200000d4        0x4 ./Core/Src/software_timer.o
                0x00000000200000d4                timer1_flag
 .bss.timer1_counter
                0x00000000200000d8        0x4 ./Core/Src/software_timer.o
                0x00000000200000d8                timer1_counter
 .bss.timer2_flag
                0x00000000200000dc        0x4 ./Core/Src/software_timer.o
                0x00000000200000dc                timer2_flag
 .bss.timer2_counter
                0x00000000200000e0        0x4 ./Core/Src/software_timer.o
                0x00000000200000e0                timer2_counter
 .bss.timer3_flag
                0x00000000200000e4        0x4 ./Core/Src/software_timer.o
                0x00000000200000e4                timer3_flag
 .bss.timer3_counter
                0x00000000200000e8        0x4 ./Core/Src/software_timer.o
                0x00000000200000e8                timer3_counter
 .bss.timer4_flag
                0x00000000200000ec        0x4 ./Core/Src/software_timer.o
                0x00000000200000ec                timer4_flag
 .bss.timer4_counter
                0x00000000200000f0        0x4 ./Core/Src/software_timer.o
                0x00000000200000f0                timer4_counter
 .bss.timer5_flag
                0x00000000200000f4        0x4 ./Core/Src/software_timer.o
                0x00000000200000f4                timer5_flag
 .bss.timer5_counter
                0x00000000200000f8        0x4 ./Core/Src/software_timer.o
                0x00000000200000f8                timer5_counter
 *(COMMON)
 COMMON         0x00000000200000fc       0x48 ./Core/Src/main.o
                0x00000000200000fc                htim2
 COMMON         0x0000000020000144        0x4 ./Drivers/STM32F1xx_HAL_Driver/Src/stm32f1xx_hal.o
                0x0000000020000144                uwTick
                0x0000000020000148                . = ALIGN (0x4)
                0x0000000020000148                _ebss = .
                0x0000000020000148                __bss_end__ = _ebss

._user_heap_stack
                0x0000000020000148      0x600 load address 0x0000000008003560
                0x0000000020000148                . = ALIGN (0x8)
                [!provide]                        PROVIDE (end = .)
                0x0000000020000148                PROVIDE (_end = .)
                0x0000000020000348                . = (. + _Min_Heap_Size)
 *fill*         0x0000000020000148      0x200 
                0x0000000020000748                . = (. + _Min_Stack_Size)
 *fill*         0x0000000020000348      0x400 
                0x0000000020000748                . = ALIGN (0x8)

/DISCARD/
 libc.a(*)
 libm.a(*)
 libgcc.a(*)

.ARM.attributes
                0x0000000000000000       0x29
 *(.ARM.attributes)
 .ARM.attributes
                0x0000000000000000       0x1d e:/phan mem hoc tap bk/stm32/stm32cubeide_1.7.0/stm32cubeide/plugins/com.st.stm32cube.ide.mcu.externaltools.gnu-tools-for-stm32.9-2020-q2-update.win32_2.0.0.202105311346/tools/bin/../lib/gcc/arm-none-eabi/9.3.1/thumb/v7-m/nofp/crti.o
 .ARM.attributes
                0x000000000000001d       0x2d e:/phan mem hoc tap bk/stm32/stm32cubeide_1.7.0/stm32cubeide/plugins/com.st.stm32cube.ide.mcu.externaltools.gnu-tools-for-stm32.9-2020-q2-update.win32_2.0.0.202105311346/tools/bin/../lib/gcc/arm-none-eabi/9.3.1/thumb/v7-m/nofp/crtbegin.o
 .ARM.attributes
                0x000000000000004a       0x2d ./Core/Src/button.o
 .ARM.attributes
                0x0000000000000077       0x2d ./Core/Src/check_mode.o
 .ARM.attributes
                0x00000000000000a4       0x2d ./Core/Src/fsm_auto.o
 .ARM.attributes
                0x00000000000000d1       0x33 ./Core/Src/global.o
 .ARM.attributes
                0x0000000000000104       0x2d ./Core/Src/main.o
 .ARM.attributes
                0x0000000000000131       0x2d ./Core/Src/software_timer.o
 .ARM.attributes
                0x000000000000015e       0x2d ./Core/Src/stm32f1xx_hal_msp.o
 .ARM.attributes
                0x000000000000018b       0x2d ./Core/Src/stm32f1xx_it.o
 .ARM.attributes
                0x00000000000001b8       0x2d ./Core/Src/system_stm32f1xx.o
 .ARM.attributes
                0x00000000000001e5       0x21 ./Core/Startup/startup_stm32f103c6ux.o
 .ARM.attributes
                0x0000000000000206       0x2d ./Drivers/STM32F1xx_HAL_Driver/Src/stm32f1xx_hal.o
 .ARM.attributes
                0x0000000000000233       0x2d ./Drivers/STM32F1xx_HAL_Driver/Src/stm32f1xx_hal_cortex.o
 .ARM.attributes
                0x0000000000000260       0x2d ./Drivers/STM32F1xx_HAL_Driver/Src/stm32f1xx_hal_gpio.o
 .ARM.attributes
                0x000000000000028d       0x2d ./Drivers/STM32F1xx_HAL_Driver/Src/stm32f1xx_hal_rcc.o
 .ARM.attributes
                0x00000000000002ba       0x2d ./Drivers/STM32F1xx_HAL_Driver/Src/stm32f1xx_hal_tim.o
 .ARM.attributes
                0x00000000000002e7       0x2d ./Drivers/STM32F1xx_HAL_Driver/Src/stm32f1xx_hal_tim_ex.o
 .ARM.attributes
                0x0000000000000314       0x2d e:/phan mem hoc tap bk/stm32/stm32cubeide_1.7.0/stm32cubeide/plugins/com.st.stm32cube.ide.mcu.externaltools.gnu-tools-for-stm32.9-2020-q2-update.win32_2.0.0.202105311346/tools/bin/../lib/gcc/arm-none-eabi/9.3.1/../../../../arm-none-eabi/lib/thumb/v7-m/nofp\libc_nano.a(lib_a-init.o)
 .ARM.attributes
                0x0000000000000341       0x2d e:/phan mem hoc tap bk/stm32/stm32cubeide_1.7.0/stm32cubeide/plugins/com.st.stm32cube.ide.mcu.externaltools.gnu-tools-for-stm32.9-2020-q2-update.win32_2.0.0.202105311346/tools/bin/../lib/gcc/arm-none-eabi/9.3.1/../../../../arm-none-eabi/lib/thumb/v7-m/nofp\libc_nano.a(lib_a-memset.o)
 .ARM.attributes
                0x000000000000036e       0x1d e:/phan mem hoc tap bk/stm32/stm32cubeide_1.7.0/stm32cubeide/plugins/com.st.stm32cube.ide.mcu.externaltools.gnu-tools-for-stm32.9-2020-q2-update.win32_2.0.0.202105311346/tools/bin/../lib/gcc/arm-none-eabi/9.3.1/thumb/v7-m/nofp/crtn.o
OUTPUT(Lab_3.elf elf32-littlearm)
LOAD linker stubs
LOAD e:/phan mem hoc tap bk/stm32/stm32cubeide_1.7.0/stm32cubeide/plugins/com.st.stm32cube.ide.mcu.externaltools.gnu-tools-for-stm32.9-2020-q2-update.win32_2.0.0.202105311346/tools/bin/../lib/gcc/arm-none-eabi/9.3.1/../../../../arm-none-eabi/lib/thumb/v7-m/nofp\libc.a
LOAD e:/phan mem hoc tap bk/stm32/stm32cubeide_1.7.0/stm32cubeide/plugins/com.st.stm32cube.ide.mcu.externaltools.gnu-tools-for-stm32.9-2020-q2-update.win32_2.0.0.202105311346/tools/bin/../lib/gcc/arm-none-eabi/9.3.1/../../../../arm-none-eabi/lib/thumb/v7-m/nofp\libm.a
LOAD e:/phan mem hoc tap bk/stm32/stm32cubeide_1.7.0/stm32cubeide/plugins/com.st.stm32cube.ide.mcu.externaltools.gnu-tools-for-stm32.9-2020-q2-update.win32_2.0.0.202105311346/tools/bin/../lib/gcc/arm-none-eabi/9.3.1/thumb/v7-m/nofp\libgcc.a

.debug_info     0x0000000000000000     0x969d
 .debug_info    0x0000000000000000      0x42c ./Core/Src/button.o
 .debug_info    0x000000000000042c      0x4e4 ./Core/Src/check_mode.o
 .debug_info    0x0000000000000910      0x553 ./Core/Src/fsm_auto.o
 .debug_info    0x0000000000000e63      0x305 ./Core/Src/global.o
 .debug_info    0x0000000000001168      0xcff ./Core/Src/main.o
 .debug_info    0x0000000000001e67      0x1eb ./Core/Src/software_timer.o
 .debug_info    0x0000000000002052      0xa04 ./Core/Src/stm32f1xx_hal_msp.o
 .debug_info    0x0000000000002a56      0x7b4 ./Core/Src/stm32f1xx_it.o
 .debug_info    0x000000000000320a      0x2be ./Core/Src/system_stm32f1xx.o
 .debug_info    0x00000000000034c8       0x22 ./Core/Startup/startup_stm32f103c6ux.o
 .debug_info    0x00000000000034ea      0x74c ./Drivers/STM32F1xx_HAL_Driver/Src/stm32f1xx_hal.o
 .debug_info    0x0000000000003c36      0xbbe ./Drivers/STM32F1xx_HAL_Driver/Src/stm32f1xx_hal_cortex.o
 .debug_info    0x00000000000047f4      0x701 ./Drivers/STM32F1xx_HAL_Driver/Src/stm32f1xx_hal_gpio.o
 .debug_info    0x0000000000004ef5      0x88e ./Drivers/STM32F1xx_HAL_Driver/Src/stm32f1xx_hal_rcc.o
 .debug_info    0x0000000000005783     0x2a45 ./Drivers/STM32F1xx_HAL_Driver/Src/stm32f1xx_hal_tim.o
 .debug_info    0x00000000000081c8     0x14d5 ./Drivers/STM32F1xx_HAL_Driver/Src/stm32f1xx_hal_tim_ex.o

.debug_abbrev   0x0000000000000000     0x1aff
 .debug_abbrev  0x0000000000000000      0x15d ./Core/Src/button.o
 .debug_abbrev  0x000000000000015d      0x170 ./Core/Src/check_mode.o
 .debug_abbrev  0x00000000000002cd      0x198 ./Core/Src/fsm_auto.o
 .debug_abbrev  0x0000000000000465       0xbc ./Core/Src/global.o
 .debug_abbrev  0x0000000000000521      0x27c ./Core/Src/main.o
 .debug_abbrev  0x000000000000079d       0xb6 ./Core/Src/software_timer.o
 .debug_abbrev  0x0000000000000853      0x1b7 ./Core/Src/stm32f1xx_hal_msp.o
 .debug_abbrev  0x0000000000000a0a      0x176 ./Core/Src/stm32f1xx_it.o
 .debug_abbrev  0x0000000000000b80      0x14e ./Core/Src/system_stm32f1xx.o
 .debug_abbrev  0x0000000000000cce       0x12 ./Core/Startup/startup_stm32f103c6ux.o
 .debug_abbrev  0x0000000000000ce0      0x1ed ./Drivers/STM32F1xx_HAL_Driver/Src/stm32f1xx_hal.o
 .debug_abbrev  0x0000000000000ecd      0x313 ./Drivers/STM32F1xx_HAL_Driver/Src/stm32f1xx_hal_cortex.o
 .debug_abbrev  0x00000000000011e0      0x1e8 ./Drivers/STM32F1xx_HAL_Driver/Src/stm32f1xx_hal_gpio.o
 .debug_abbrev  0x00000000000013c8      0x273 ./Drivers/STM32F1xx_HAL_Driver/Src/stm32f1xx_hal_rcc.o
 .debug_abbrev  0x000000000000163b      0x25e ./Drivers/STM32F1xx_HAL_Driver/Src/stm32f1xx_hal_tim.o
 .debug_abbrev  0x0000000000001899      0x266 ./Drivers/STM32F1xx_HAL_Driver/Src/stm32f1xx_hal_tim_ex.o

.debug_aranges  0x0000000000000000      0xa60
 .debug_aranges
                0x0000000000000000       0x50 ./Core/Src/button.o
 .debug_aranges
                0x0000000000000050       0x40 ./Core/Src/check_mode.o
 .debug_aranges
                0x0000000000000090       0x30 ./Core/Src/fsm_auto.o
 .debug_aranges
                0x00000000000000c0       0x18 ./Core/Src/global.o
 .debug_aranges
                0x00000000000000d8       0x58 ./Core/Src/main.o
 .debug_aranges
                0x0000000000000130       0x48 ./Core/Src/software_timer.o
 .debug_aranges
                0x0000000000000178       0x30 ./Core/Src/stm32f1xx_hal_msp.o
 .debug_aranges
                0x00000000000001a8       0x68 ./Core/Src/stm32f1xx_it.o
 .debug_aranges
                0x0000000000000210       0x28 ./Core/Src/system_stm32f1xx.o
 .debug_aranges
                0x0000000000000238       0x28 ./Core/Startup/startup_stm32f103c6ux.o
 .debug_aranges
                0x0000000000000260       0xe0 ./Drivers/STM32F1xx_HAL_Driver/Src/stm32f1xx_hal.o
 .debug_aranges
                0x0000000000000340      0x100 ./Drivers/STM32F1xx_HAL_Driver/Src/stm32f1xx_hal_cortex.o
 .debug_aranges
                0x0000000000000440       0x58 ./Drivers/STM32F1xx_HAL_Driver/Src/stm32f1xx_hal_gpio.o
 .debug_aranges
                0x0000000000000498       0x90 ./Drivers/STM32F1xx_HAL_Driver/Src/stm32f1xx_hal_rcc.o
 .debug_aranges
                0x0000000000000528      0x3d0 ./Drivers/STM32F1xx_HAL_Driver/Src/stm32f1xx_hal_tim.o
 .debug_aranges
                0x00000000000008f8      0x168 ./Drivers/STM32F1xx_HAL_Driver/Src/stm32f1xx_hal_tim_ex.o

.debug_ranges   0x0000000000000000      0x960
 .debug_ranges  0x0000000000000000       0x40 ./Core/Src/button.o
 .debug_ranges  0x0000000000000040       0x30 ./Core/Src/check_mode.o
 .debug_ranges  0x0000000000000070       0x20 ./Core/Src/fsm_auto.o
 .debug_ranges  0x0000000000000090       0x48 ./Core/Src/main.o
 .debug_ranges  0x00000000000000d8       0x38 ./Core/Src/software_timer.o
 .debug_ranges  0x0000000000000110       0x20 ./Core/Src/stm32f1xx_hal_msp.o
 .debug_ranges  0x0000000000000130       0x58 ./Core/Src/stm32f1xx_it.o
 .debug_ranges  0x0000000000000188       0x18 ./Core/Src/system_stm32f1xx.o
 .debug_ranges  0x00000000000001a0       0x20 ./Core/Startup/startup_stm32f103c6ux.o
 .debug_ranges  0x00000000000001c0       0xd0 ./Drivers/STM32F1xx_HAL_Driver/Src/stm32f1xx_hal.o
 .debug_ranges  0x0000000000000290       0xf0 ./Drivers/STM32F1xx_HAL_Driver/Src/stm32f1xx_hal_cortex.o
 .debug_ranges  0x0000000000000380       0x48 ./Drivers/STM32F1xx_HAL_Driver/Src/stm32f1xx_hal_gpio.o
 .debug_ranges  0x00000000000003c8       0x80 ./Drivers/STM32F1xx_HAL_Driver/Src/stm32f1xx_hal_rcc.o
 .debug_ranges  0x0000000000000448      0x3c0 ./Drivers/STM32F1xx_HAL_Driver/Src/stm32f1xx_hal_tim.o
 .debug_ranges  0x0000000000000808      0x158 ./Drivers/STM32F1xx_HAL_Driver/Src/stm32f1xx_hal_tim_ex.o

.debug_macro    0x0000000000000000    0x16b71
 .debug_macro   0x0000000000000000      0x1d7 ./Core/Src/button.o
 .debug_macro   0x00000000000001d7      0xa9c ./Core/Src/button.o
 .debug_macro   0x0000000000000c73      0x215 ./Core/Src/button.o
 .debug_macro   0x0000000000000e88       0x2e ./Core/Src/button.o
 .debug_macro   0x0000000000000eb6       0x22 ./Core/Src/button.o
 .debug_macro   0x0000000000000ed8       0x22 ./Core/Src/button.o
 .debug_macro   0x0000000000000efa       0x8e ./Core/Src/button.o
 .debug_macro   0x0000000000000f88       0x51 ./Core/Src/button.o
 .debug_macro   0x0000000000000fd9      0x103 ./Core/Src/button.o
 .debug_macro   0x00000000000010dc       0x6a ./Core/Src/button.o
 .debug_macro   0x0000000000001146      0x1df ./Core/Src/button.o
 .debug_macro   0x0000000000001325       0x1c ./Core/Src/button.o
 .debug_macro   0x0000000000001341       0x22 ./Core/Src/button.o
 .debug_macro   0x0000000000001363       0xc3 ./Core/Src/button.o
 .debug_macro   0x0000000000001426      0xd23 ./Core/Src/button.o
 .debug_macro   0x0000000000002149     0xde75 ./Core/Src/button.o
 .debug_macro   0x000000000000ffbe       0x6d ./Core/Src/button.o
 .debug_macro   0x000000000001002b     0x3468 ./Core/Src/button.o
 .debug_macro   0x0000000000013493      0x174 ./Core/Src/button.o
 .debug_macro   0x0000000000013607       0x5c ./Core/Src/button.o
 .debug_macro   0x0000000000013663      0x5be ./Core/Src/button.o
 .debug_macro   0x0000000000013c21      0x1b7 ./Core/Src/button.o
 .debug_macro   0x0000000000013dd8      0x1cb ./Core/Src/button.o
 .debug_macro   0x0000000000013fa3      0x114 ./Core/Src/button.o
 .debug_macro   0x00000000000140b7      0x1b2 ./Core/Src/button.o
 .debug_macro   0x0000000000014269       0x27 ./Core/Src/button.o
 .debug_macro   0x0000000000014290      0x12f ./Core/Src/button.o
 .debug_macro   0x00000000000143bf      0x1bc ./Core/Src/button.o
 .debug_macro   0x000000000001457b       0x34 ./Core/Src/button.o
 .debug_macro   0x00000000000145af       0x3c ./Core/Src/button.o
 .debug_macro   0x00000000000145eb       0x57 ./Core/Src/button.o
 .debug_macro   0x0000000000014642       0x88 ./Core/Src/button.o
 .debug_macro   0x00000000000146ca      0x183 ./Core/Src/button.o
 .debug_macro   0x000000000001484d      0x141 ./Core/Src/button.o
 .debug_macro   0x000000000001498e      0x8d1 ./Core/Src/button.o
 .debug_macro   0x000000000001525f       0x69 ./Core/Src/button.o
 .debug_macro   0x00000000000152c8      0x178 ./Core/Src/button.o
 .debug_macro   0x0000000000015440       0x52 ./Core/Src/button.o
 .debug_macro   0x0000000000015492       0x10 ./Core/Src/button.o
 .debug_macro   0x00000000000154a2      0x1e7 ./Core/Src/check_mode.o
 .debug_macro   0x0000000000015689      0x1dd ./Core/Src/fsm_auto.o
 .debug_macro   0x0000000000015866      0x1d3 ./Core/Src/global.o
 .debug_macro   0x0000000000015a39      0x1fb ./Core/Src/main.o
 .debug_macro   0x0000000000015c34       0x1b ./Core/Src/software_timer.o
 .debug_macro   0x0000000000015c4f      0x1a7 ./Core/Src/stm32f1xx_hal_msp.o
 .debug_macro   0x0000000000015df6      0x1b1 ./Core/Src/stm32f1xx_it.o
 .debug_macro   0x0000000000015fa7      0x198 ./Core/Src/system_stm32f1xx.o
 .debug_macro   0x000000000001613f      0x1bc ./Drivers/STM32F1xx_HAL_Driver/Src/stm32f1xx_hal.o
 .debug_macro   0x00000000000162fb      0x198 ./Drivers/STM32F1xx_HAL_Driver/Src/stm32f1xx_hal_cortex.o
 .debug_macro   0x0000000000016493      0x203 ./Drivers/STM32F1xx_HAL_Driver/Src/stm32f1xx_hal_gpio.o
 .debug_macro   0x0000000000016696      0x1aa ./Drivers/STM32F1xx_HAL_Driver/Src/stm32f1xx_hal_rcc.o
 .debug_macro   0x0000000000016840      0x199 ./Drivers/STM32F1xx_HAL_Driver/Src/stm32f1xx_hal_tim.o
 .debug_macro   0x00000000000169d9      0x198 ./Drivers/STM32F1xx_HAL_Driver/Src/stm32f1xx_hal_tim_ex.o

.debug_line     0x0000000000000000     0xcb0d
 .debug_line    0x0000000000000000      0x9bc ./Core/Src/button.o
 .debug_line    0x00000000000009bc      0xad6 ./Core/Src/check_mode.o
 .debug_line    0x0000000000001492      0xb13 ./Core/Src/fsm_auto.o
 .debug_line    0x0000000000001fa5      0x7ed ./Core/Src/global.o
 .debug_line    0x0000000000002792      0xa2a ./Core/Src/main.o
 .debug_line    0x00000000000031bc      0x15c ./Core/Src/software_timer.o
 .debug_line    0x0000000000003318      0x821 ./Core/Src/stm32f1xx_hal_msp.o
 .debug_line    0x0000000000003b39      0x8bf ./Core/Src/stm32f1xx_it.o
 .debug_line    0x00000000000043f8      0x863 ./Core/Src/system_stm32f1xx.o
 .debug_line    0x0000000000004c5b       0x87 ./Core/Startup/startup_stm32f103c6ux.o
 .debug_line    0x0000000000004ce2      0xa90 ./Drivers/STM32F1xx_HAL_Driver/Src/stm32f1xx_hal.o
 .debug_line    0x0000000000005772      0xc78 ./Drivers/STM32F1xx_HAL_Driver/Src/stm32f1xx_hal_cortex.o
 .debug_line    0x00000000000063ea      0xb11 ./Drivers/STM32F1xx_HAL_Driver/Src/stm32f1xx_hal_gpio.o
 .debug_line    0x0000000000006efb      0xe9e ./Drivers/STM32F1xx_HAL_Driver/Src/stm32f1xx_hal_rcc.o
 .debug_line    0x0000000000007d99     0x33ee ./Drivers/STM32F1xx_HAL_Driver/Src/stm32f1xx_hal_tim.o
 .debug_line    0x000000000000b187     0x1986 ./Drivers/STM32F1xx_HAL_Driver/Src/stm32f1xx_hal_tim_ex.o

.debug_str      0x0000000000000000    0x82434
 .debug_str     0x0000000000000000    0x7f929 ./Core/Src/button.o
                                      0x7fc7c (size before relaxing)
 .debug_str     0x000000000007f929       0x93 ./Core/Src/check_mode.o
                                      0x7fc4f (size before relaxing)
 .debug_str     0x000000000007f9bc       0x91 ./Core/Src/fsm_auto.o
                                      0x7fc84 (size before relaxing)
 .debug_str     0x000000000007fa4d       0x15 ./Core/Src/global.o
                                      0x7fba0 (size before relaxing)
 .debug_str     0x000000000007fa62      0x6e8 ./Core/Src/main.o
                                      0x803b5 (size before relaxing)
 .debug_str     0x000000000008014a       0xa8 ./Core/Src/software_timer.o
                                       0x2e77 (size before relaxing)
 .debug_str     0x00000000000801f2      0x2ba ./Core/Src/stm32f1xx_hal_msp.o
                                      0x80204 (size before relaxing)
 .debug_str     0x00000000000804ac       0xcd ./Core/Src/stm32f1xx_it.o
                                      0x7ff66 (size before relaxing)
 .debug_str     0x0000000000080579       0x52 ./Core/Src/system_stm32f1xx.o
                                      0x7f51b (size before relaxing)
 .debug_str     0x00000000000805cb       0x36 ./Core/Startup/startup_stm32f103c6ux.o
                                         0x86 (size before relaxing)
 .debug_str     0x0000000000080601      0x304 ./Drivers/STM32F1xx_HAL_Driver/Src/stm32f1xx_hal.o
                                      0x7fb72 (size before relaxing)
 .debug_str     0x0000000000080905      0x300 ./Drivers/STM32F1xx_HAL_Driver/Src/stm32f1xx_hal_cortex.o
                                      0x7fb7a (size before relaxing)
 .debug_str     0x0000000000080c05      0x324 ./Drivers/STM32F1xx_HAL_Driver/Src/stm32f1xx_hal_gpio.o
                                      0x7f8df (size before relaxing)
 .debug_str     0x0000000000080f29      0x24f ./Drivers/STM32F1xx_HAL_Driver/Src/stm32f1xx_hal_rcc.o
                                      0x7f918 (size before relaxing)
 .debug_str     0x0000000000081178      0xdce ./Drivers/STM32F1xx_HAL_Driver/Src/stm32f1xx_hal_tim.o
                                      0x808ea (size before relaxing)
 .debug_str     0x0000000000081f46      0x4ee ./Drivers/STM32F1xx_HAL_Driver/Src/stm32f1xx_hal_tim_ex.o
                                      0x8009b (size before relaxing)

.comment        0x0000000000000000       0x53
 .comment       0x0000000000000000       0x53 ./Core/Src/button.o
                                         0x54 (size before relaxing)
 .comment       0x0000000000000053       0x54 ./Core/Src/check_mode.o
 .comment       0x0000000000000053       0x54 ./Core/Src/fsm_auto.o
 .comment       0x0000000000000053       0x54 ./Core/Src/global.o
 .comment       0x0000000000000053       0x54 ./Core/Src/main.o
 .comment       0x0000000000000053       0x54 ./Core/Src/software_timer.o
 .comment       0x0000000000000053       0x54 ./Core/Src/stm32f1xx_hal_msp.o
 .comment       0x0000000000000053       0x54 ./Core/Src/stm32f1xx_it.o
 .comment       0x0000000000000053       0x54 ./Core/Src/system_stm32f1xx.o
 .comment       0x0000000000000053       0x54 ./Drivers/STM32F1xx_HAL_Driver/Src/stm32f1xx_hal.o
 .comment       0x0000000000000053       0x54 ./Drivers/STM32F1xx_HAL_Driver/Src/stm32f1xx_hal_cortex.o
 .comment       0x0000000000000053       0x54 ./Drivers/STM32F1xx_HAL_Driver/Src/stm32f1xx_hal_gpio.o
 .comment       0x0000000000000053       0x54 ./Drivers/STM32F1xx_HAL_Driver/Src/stm32f1xx_hal_rcc.o
 .comment       0x0000000000000053       0x54 ./Drivers/STM32F1xx_HAL_Driver/Src/stm32f1xx_hal_tim.o
 .comment       0x0000000000000053       0x54 ./Drivers/STM32F1xx_HAL_Driver/Src/stm32f1xx_hal_tim_ex.o

.debug_frame    0x0000000000000000     0x2904
 .debug_frame   0x0000000000000000       0xec ./Core/Src/button.o
 .debug_frame   0x00000000000000ec       0x9c ./Core/Src/check_mode.o
 .debug_frame   0x0000000000000188       0x68 ./Core/Src/fsm_auto.o
 .debug_frame   0x00000000000001f0      0x124 ./Core/Src/main.o
 .debug_frame   0x0000000000000314       0xf8 ./Core/Src/software_timer.o
 .debug_frame   0x000000000000040c       0x80 ./Core/Src/stm32f1xx_hal_msp.o
 .debug_frame   0x000000000000048c      0x120 ./Core/Src/stm32f1xx_it.o
 .debug_frame   0x00000000000005ac       0x58 ./Core/Src/system_stm32f1xx.o
 .debug_frame   0x0000000000000604      0x334 ./Drivers/STM32F1xx_HAL_Driver/Src/stm32f1xx_hal.o
 .debug_frame   0x0000000000000938      0x428 ./Drivers/STM32F1xx_HAL_Driver/Src/stm32f1xx_hal_cortex.o
 .debug_frame   0x0000000000000d60      0x14c ./Drivers/STM32F1xx_HAL_Driver/Src/stm32f1xx_hal_gpio.o
 .debug_frame   0x0000000000000eac      0x21c ./Drivers/STM32F1xx_HAL_Driver/Src/stm32f1xx_hal_rcc.o
 .debug_frame   0x00000000000010c8     0x11b8 ./Drivers/STM32F1xx_HAL_Driver/Src/stm32f1xx_hal_tim.o
 .debug_frame   0x0000000000002280      0x638 ./Drivers/STM32F1xx_HAL_Driver/Src/stm32f1xx_hal_tim_ex.o
 .debug_frame   0x00000000000028b8       0x2c e:/phan mem hoc tap bk/stm32/stm32cubeide_1.7.0/stm32cubeide/plugins/com.st.stm32cube.ide.mcu.externaltools.gnu-tools-for-stm32.9-2020-q2-update.win32_2.0.0.202105311346/tools/bin/../lib/gcc/arm-none-eabi/9.3.1/../../../../arm-none-eabi/lib/thumb/v7-m/nofp\libc_nano.a(lib_a-init.o)
 .debug_frame   0x00000000000028e4       0x20 e:/phan mem hoc tap bk/stm32/stm32cubeide_1.7.0/stm32cubeide/plugins/com.st.stm32cube.ide.mcu.externaltools.gnu-tools-for-stm32.9-2020-q2-update.win32_2.0.0.202105311346/tools/bin/../lib/gcc/arm-none-eabi/9.3.1/../../../../arm-none-eabi/lib/thumb/v7-m/nofp\libc_nano.a(lib_a-memset.o)
