Archive member included to satisfy reference by file (symbol)

e:/phan mem hoc tap bk/stm32/stm32cubeide_1.7.0/stm32cubeide/plugins/com.st.stm32cube.ide.mcu.externaltools.gnu-tools-for-stm32.9-2020-q2-update.win32_2.0.0.202105311346/tools/bin/../lib/gcc/arm-none-eabi/9.3.1/../../../../arm-none-eabi/lib/thumb/v7-m/nofp\libc_nano.a(lib_a-errno.o)
                              ./Core/Src/syscalls.o (__errno)
e:/phan mem hoc tap bk/stm32/stm32cubeide_1.7.0/stm32cubeide/plugins/com.st.stm32cube.ide.mcu.externaltools.gnu-tools-for-stm32.9-2020-q2-update.win32_2.0.0.202105311346/tools/bin/../lib/gcc/arm-none-eabi/9.3.1/../../../../arm-none-eabi/lib/thumb/v7-m/nofp\libc_nano.a(lib_a-exit.o)
                              e:/phan mem hoc tap bk/stm32/stm32cubeide_1.7.0/stm32cubeide/plugins/com.st.stm32cube.ide.mcu.externaltools.gnu-tools-for-stm32.9-2020-q2-update.win32_2.0.0.202105311346/tools/bin/../lib/gcc/arm-none-eabi/9.3.1/../../../../arm-none-eabi/lib/thumb/v7-m/nofp/crt0.o (exit)
e:/phan mem hoc tap bk/stm32/stm32cubeide_1.7.0/stm32cubeide/plugins/com.st.stm32cube.ide.mcu.externaltools.gnu-tools-for-stm32.9-2020-q2-update.win32_2.0.0.202105311346/tools/bin/../lib/gcc/arm-none-eabi/9.3.1/../../../../arm-none-eabi/lib/thumb/v7-m/nofp\libc_nano.a(lib_a-impure.o)
                              e:/phan mem hoc tap bk/stm32/stm32cubeide_1.7.0/stm32cubeide/plugins/com.st.stm32cube.ide.mcu.externaltools.gnu-tools-for-stm32.9-2020-q2-update.win32_2.0.0.202105311346/tools/bin/../lib/gcc/arm-none-eabi/9.3.1/../../../../arm-none-eabi/lib/thumb/v7-m/nofp\libc_nano.a(lib_a-exit.o) (_global_impure_ptr)
e:/phan mem hoc tap bk/stm32/stm32cubeide_1.7.0/stm32cubeide/plugins/com.st.stm32cube.ide.mcu.externaltools.gnu-tools-for-stm32.9-2020-q2-update.win32_2.0.0.202105311346/tools/bin/../lib/gcc/arm-none-eabi/9.3.1/../../../../arm-none-eabi/lib/thumb/v7-m/nofp\libc_nano.a(lib_a-init.o)
                              e:/phan mem hoc tap bk/stm32/stm32cubeide_1.7.0/stm32cubeide/plugins/com.st.stm32cube.ide.mcu.externaltools.gnu-tools-for-stm32.9-2020-q2-update.win32_2.0.0.202105311346/tools/bin/../lib/gcc/arm-none-eabi/9.3.1/../../../../arm-none-eabi/lib/thumb/v7-m/nofp/crt0.o (__libc_init_array)
e:/phan mem hoc tap bk/stm32/stm32cubeide_1.7.0/stm32cubeide/plugins/com.st.stm32cube.ide.mcu.externaltools.gnu-tools-for-stm32.9-2020-q2-update.win32_2.0.0.202105311346/tools/bin/../lib/gcc/arm-none-eabi/9.3.1/../../../../arm-none-eabi/lib/thumb/v7-m/nofp\libc_nano.a(lib_a-memset.o)
                              e:/phan mem hoc tap bk/stm32/stm32cubeide_1.7.0/stm32cubeide/plugins/com.st.stm32cube.ide.mcu.externaltools.gnu-tools-for-stm32.9-2020-q2-update.win32_2.0.0.202105311346/tools/bin/../lib/gcc/arm-none-eabi/9.3.1/../../../../arm-none-eabi/lib/thumb/v7-m/nofp/crt0.o (memset)

Allocating common symbols
Common symbol       size              file

SCH_Tasks_G         0x320             ./Core/Src/scheduler.o
uwTick              0x4               ./Drivers/STM32F1xx_HAL_Driver/Src/stm32f1xx_hal.o
pFlash              0x20              ./Drivers/STM32F1xx_HAL_Driver/Src/stm32f1xx_hal_flash.o
hadc1               0x30              ./Core/Src/main.o
huart1              0x44              ./Core/Src/main.o
htim2               0x48              ./Core/Src/main.o

Discarded input sections

 .text          0x0000000000000000        0x0 e:/phan mem hoc tap bk/stm32/stm32cubeide_1.7.0/stm32cubeide/plugins/com.st.stm32cube.ide.mcu.externaltools.gnu-tools-for-stm32.9-2020-q2-update.win32_2.0.0.202105311346/tools/bin/../lib/gcc/arm-none-eabi/9.3.1/thumb/v7-m/nofp/crti.o
 .data          0x0000000000000000        0x0 e:/phan mem hoc tap bk/stm32/stm32cubeide_1.7.0/stm32cubeide/plugins/com.st.stm32cube.ide.mcu.externaltools.gnu-tools-for-stm32.9-2020-q2-update.win32_2.0.0.202105311346/tools/bin/../lib/gcc/arm-none-eabi/9.3.1/thumb/v7-m/nofp/crti.o
 .bss           0x0000000000000000        0x0 e:/phan mem hoc tap bk/stm32/stm32cubeide_1.7.0/stm32cubeide/plugins/com.st.stm32cube.ide.mcu.externaltools.gnu-tools-for-stm32.9-2020-q2-update.win32_2.0.0.202105311346/tools/bin/../lib/gcc/arm-none-eabi/9.3.1/thumb/v7-m/nofp/crti.o
 .data          0x0000000000000000        0x4 e:/phan mem hoc tap bk/stm32/stm32cubeide_1.7.0/stm32cubeide/plugins/com.st.stm32cube.ide.mcu.externaltools.gnu-tools-for-stm32.9-2020-q2-update.win32_2.0.0.202105311346/tools/bin/../lib/gcc/arm-none-eabi/9.3.1/thumb/v7-m/nofp/crtbegin.o
 .text          0x0000000000000000       0x7c e:/phan mem hoc tap bk/stm32/stm32cubeide_1.7.0/stm32cubeide/plugins/com.st.stm32cube.ide.mcu.externaltools.gnu-tools-for-stm32.9-2020-q2-update.win32_2.0.0.202105311346/tools/bin/../lib/gcc/arm-none-eabi/9.3.1/../../../../arm-none-eabi/lib/thumb/v7-m/nofp/crt0.o
[...]
Memory Configuration

Name             Origin             Length             Attributes
RAM              0x0000000020000000 0x0000000000002800 xrw
FLASH            0x0000000008000000 0x0000000000008000 xr
*default*        0x0000000000000000 0xffffffffffffffff

Linker script and memory map

LOAD e:/phan mem hoc tap bk/stm32/stm32cubeide_1.7.0/stm32cubeide/plugins/com.st.stm32cube.ide.mcu.externaltools.gnu-tools-for-stm32.9-2020-q2-update.win32_2.0.0.202105311346/tools/bin/../lib/gcc/arm-none-eabi/9.3.1/thumb/v7-m/nofp/crti.o
LOAD e:/phan mem hoc tap bk/stm32/stm32cubeide_1.7.0/stm32cubeide/plugins/com.st.stm32cube.ide.mcu.externaltools.gnu-tools-for-stm32.9-2020-q2-update.win32_2.0.0.202105311346/tools/bin/../lib/gcc/arm-none-eabi/9.3.1/thumb/v7-m/nofp/crtbegin.o
LOAD e:/phan mem hoc tap bk/stm32/stm32cubeide_1.7.0/stm32cubeide/plugins/com.st.stm32cube.ide.mcu.externaltools.gnu-tools-for-stm32.9-2020-q2-update.win32_2.0.0.202105311346/tools/bin/../lib/gcc/arm-none-eabi/9.3.1/../../../../arm-none-eabi/lib/thumb/v7-m/nofp/crt0.o
LOAD ./Core/Src/main.o
LOAD ./Core/Src/scheduler.o
LOAD ./Core/Src/stm32f1xx_hal_msp.o
LOAD ./Core/Src/stm32f1xx_it.o
LOAD ./Core/Src/syscalls.o
LOAD ./Core/Src/sysmem.o
LOAD ./Core/Src/system_stm32f1xx.o
LOAD ./Core/Startup/startup_stm32f103c6ux.o
LOAD ./Drivers/STM32F1xx_HAL_Driver/Src/stm32f1xx_hal.o
LOAD ./Drivers/STM32F1xx_HAL_Driver/Src/stm32f1xx_hal_adc.o
LOAD ./Drivers/STM32F1xx_HAL_Driver/Src/stm32f1xx_hal_adc_ex.o
LOAD ./Drivers/STM32F1xx_HAL_Driver/Src/stm32f1xx_hal_cortex.o
LOAD ./Drivers/STM32F1xx_HAL_Driver/Src/stm32f1xx_hal_dma.o
LOAD ./Drivers/STM32F1xx_HAL_Driver/Src/stm32f1xx_hal_exti.o
LOAD ./Drivers/STM32F1xx_HAL_Driver/Src/stm32f1xx_hal_flash.o
LOAD ./Drivers/STM32F1xx_HAL_Driver/Src/stm32f1xx_hal_flash_ex.o
LOAD ./Drivers/STM32F1xx_HAL_Driver/Src/stm32f1xx_hal_gpio.o
LOAD ./Drivers/STM32F1xx_HAL_Driver/Src/stm32f1xx_hal_gpio_ex.o
LOAD ./Drivers/STM32F1xx_HAL_Driver/Src/stm32f1xx_hal_pwr.o
LOAD ./Drivers/STM32F1xx_HAL_Driver/Src/stm32f1xx_hal_rcc.o
LOAD ./Drivers/STM32F1xx_HAL_Driver/Src/stm32f1xx_hal_rcc_ex.o
LOAD ./Drivers/STM32F1xx_HAL_Driver/Src/stm32f1xx_hal_tim.o
LOAD ./Drivers/STM32F1xx_HAL_Driver/Src/stm32f1xx_hal_tim_ex.o
LOAD ./Drivers/STM32F1xx_HAL_Driver/Src/stm32f1xx_hal_uart.o
START GROUP
LOAD e:/phan mem hoc tap bk/stm32/stm32cubeide_1.7.0/stm32cubeide/plugins/com.st.stm32cube.ide.mcu.externaltools.gnu-tools-for-stm32.9-2020-q2-update.win32_2.0.0.202105311346/tools/bin/../lib/gcc/arm-none-eabi/9.3.1/../../../../arm-none-eabi/lib/thumb/v7-m/nofp\libc_nano.a
LOAD e:/phan mem hoc tap bk/stm32/stm32cubeide_1.7.0/stm32cubeide/plugins/com.st.stm32cube.ide.mcu.externaltools.gnu-tools-for-stm32.9-2020-q2-update.win32_2.0.0.202105311346/tools/bin/../lib/gcc/arm-none-eabi/9.3.1/../../../../arm-none-eabi/lib/thumb/v7-m/nofp\libm.a
END GROUP
START GROUP
LOAD e:/phan mem hoc tap bk/stm32/stm32cubeide_1.7.0/stm32cubeide/plugins/com.st.stm32cube.ide.mcu.externaltools.gnu-tools-for-stm32.9-2020-q2-update.win32_2.0.0.202105311346/tools/bin/../lib/gcc/arm-none-eabi/9.3.1/thumb/v7-m/nofp\libgcc.a
LOAD e:/phan mem hoc tap bk/stm32/stm32cubeide_1.7.0/stm32cubeide/plugins/com.st.stm32cube.ide.mcu.externaltools.gnu-tools-for-stm32.9-2020-q2-update.win32_2.0.0.202105311346/tools/bin/../lib/gcc/arm-none-eabi/9.3.1/../../../../arm-none-eabi/lib/thumb/v7-m/nofp\libc_nano.a
END GROUP
START GROUP
LOAD e:/phan mem hoc tap bk/stm32/stm32cubeide_1.7.0/stm32cubeide/plugins/com.st.stm32cube.ide.mcu.externaltools.gnu-tools-for-stm32.9-2020-q2-update.win32_2.0.0.202105311346/tools/bin/../lib/gcc/arm-none-eabi/9.3.1/thumb/v7-m/nofp\libgcc.a
LOAD e:/phan mem hoc tap bk/stm32/stm32cubeide_1.7.0/stm32cubeide/plugins/com.st.stm32cube.ide.mcu.externaltools.gnu-tools-for-stm32.9-2020-q2-update.win32_2.0.0.202105311346/tools/bin/../lib/gcc/arm-none-eabi/9.3.1/../../../../arm-none-eabi/lib/thumb/v7-m/nofp\libc_nano.a
LOAD e:/phan mem hoc tap bk/stm32/stm32cubeide_1.7.0/stm32cubeide/plugins/com.st.stm32cube.ide.mcu.externaltools.gnu-tools-for-stm32.9-2020-q2-update.win32_2.0.0.202105311346/tools/bin/../lib/gcc/arm-none-eabi/9.3.1/../../../../arm-none-eabi/lib/thumb/v7-m/nofp\libnosys.a
END GROUP
START GROUP
LOAD e:/phan mem hoc tap bk/stm32/stm32cubeide_1.7.0/stm32cubeide/plugins/com.st.stm32cube.ide.mcu.externaltools.gnu-tools-for-stm32.9-2020-q2-update.win32_2.0.0.202105311346/tools/bin/../lib/gcc/arm-none-eabi/9.3.1/thumb/v7-m/nofp\libgcc.a
LOAD e:/phan mem hoc tap bk/stm32/stm32cubeide_1.7.0/stm32cubeide/plugins/com.st.stm32cube.ide.mcu.externaltools.gnu-tools-for-stm32.9-2020-q2-update.win32_2.0.0.202105311346/tools/bin/../lib/gcc/arm-none-eabi/9.3.1/../../../../arm-none-eabi/lib/thumb/v7-m/nofp\libc_nano.a
LOAD e:/phan mem hoc tap bk/stm32/stm32cubeide_1.7.0/stm32cubeide/plugins/com.st.stm32cube.ide.mcu.externaltools.gnu-tools-for-stm32.9-2020-q2-update.win32_2.0.0.202105311346/tools/bin/../lib/gcc/arm-none-eabi/9.3.1/../../../../arm-none-eabi/lib/thumb/v7-m/nofp\libnosys.a
END GROUP
LOAD e:/phan mem hoc tap bk/stm32/stm32cubeide_1.7.0/stm32cubeide/plugins/com.st.stm32cube.ide.mcu.externaltools.gnu-tools-for-stm32.9-2020-q2-update.win32_2.0.0.202105311346/tools/bin/../lib/gcc/arm-none-eabi/9.3.1/thumb/v7-m/nofp/crtend.o
LOAD e:/phan mem hoc tap bk/stm32/stm32cubeide_1.7.0/stm32cubeide/plugins/com.st.stm32cube.ide.mcu.externaltools.gnu-tools-for-stm32.9-2020-q2-update.win32_2.0.0.202105311346/tools/bin/../lib/gcc/arm-none-eabi/9.3.1/thumb/v7-m/nofp/crtn.o
                0x0000000020002800                _estack = (ORIGIN (RAM) + LENGTH (RAM))
                0x0000000000000200                _Min_Heap_Size = 0x200
                0x0000000000000400                _Min_Stack_Size = 0x400

.isr_vector     0x0000000008000000      0x10c
                0x0000000008000000                . = ALIGN (0x4)
 *(.isr_vector)
 .isr_vector    0x0000000008000000      0x10c ./Core/Startup/startup_stm32f103c6ux.o
                0x0000000008000000                g_pfnVectors
                0x000000000800010c                . = ALIGN (0x4)

.text           0x000000000800010c     0x2f1c
                0x000000000800010c                . = ALIGN (0x4)
 *(.text)
 .text          0x000000000800010c       0x40 e:/phan mem hoc tap bk/stm32/stm32cubeide_1.7.0/stm32cubeide/plugins/com.st.stm32cube.ide.mcu.externaltools.gnu-tools-for-stm32.9-2020-q2-update.win32_2.0.0.202105311346/tools/bin/../lib/gcc/arm-none-eabi/9.3.1/thumb/v7-m/nofp/crtbegin.o
 *(.text*)
 .text.LedRed   0x000000000800014c       0x14 ./Core/Src/main.o
                0x000000000800014c                LedRed
 .text.LedGreen
                0x0000000008000160       0x14 ./Core/Src/main.o
                0x0000000008000160                LedGreen
 .text.LedYellow
                0x0000000008000174       0x14 ./Core/Src/main.o
                0x0000000008000174                LedYellow
 .text.LedBlue  0x0000000008000188       0x14 ./Core/Src/main.o
                0x0000000008000188                LedBlue
 .text.LedPink  0x000000000800019c       0x14 ./Core/Src/main.o
                0x000000000800019c                LedPink
 .text.DeleteTask
                0x00000000080001b0        0xe ./Core/Src/main.o
                0x00000000080001b0                DeleteTask
 *fill*         0x00000000080001be        0x2 
 .text.main     0x00000000080001c0       0x98 ./Core/Src/main.o
                0x00000000080001c0                main
 .text.SystemClock_Config
                0x0000000008000258       0xa0 ./Core/Src/main.o
                0x0000000008000258                SystemClock_Config
 .text.MX_ADC1_Init
                0x00000000080002f8       0x7c ./Core/Src/main.o
 .text.MX_TIM2_Init
                0x0000000008000374       0x98 ./Core/Src/main.o
 .text.MX_USART1_UART_Init
                0x000000000800040c       0x54 ./Core/Src/main.o
 .text.MX_GPIO_Init
                0x0000000008000460       0x64 ./Core/Src/main.o
 .text.HAL_TIM_PeriodElapsedCallback
                0x00000000080004c4       0x14 ./Core/Src/main.o
                0x00000000080004c4                HAL_TIM_PeriodElapsedCallback
 .text.Error_Handler
                0x00000000080004d8        0xa ./Core/Src/main.o
                0x00000000080004d8                Error_Handler
 *fill*         0x00000000080004e2        0x2 
 .text.SCH_Add_Task
                0x00000000080004e4       0xc4 ./Core/Src/scheduler.o
                0x00000000080004e4                SCH_Add_Task
 .text.SCH_Update
                0x00000000080005a8       0xc0 ./Core/Src/scheduler.o
                0x00000000080005a8                SCH_Update
 .text.SCH_Dispatch_Task
                0x0000000008000668       0x84 ./Core/Src/scheduler.o
                0x0000000008000668                SCH_Dispatch_Task
 .text.SCH_Delete
                0x00000000080006ec      0x114 ./Core/Src/scheduler.o
                0x00000000080006ec                SCH_Delete
 .text.HAL_MspInit
                0x0000000008000800       0x64 ./Core/Src/stm32f1xx_hal_msp.o
                0x0000000008000800                HAL_MspInit
 .text.HAL_ADC_MspInit
                0x0000000008000864       0x78 ./Core/Src/stm32f1xx_hal_msp.o
                0x0000000008000864                HAL_ADC_MspInit
 .text.HAL_TIM_Base_MspInit
                0x00000000080008dc       0x48 ./Core/Src/stm32f1xx_hal_msp.o
                0x00000000080008dc                HAL_TIM_Base_MspInit
 .text.HAL_UART_MspInit
                0x0000000008000924       0xa8 ./Core/Src/stm32f1xx_hal_msp.o
                0x0000000008000924                HAL_UART_MspInit
 .text.NMI_Handler
                0x00000000080009cc        0x6 ./Core/Src/stm32f1xx_it.o
                0x00000000080009cc                NMI_Handler
 .text.HardFault_Handler
                0x00000000080009d2        0x6 ./Core/Src/stm32f1xx_it.o
                0x00000000080009d2                HardFault_Handler
 .text.MemManage_Handler
                0x00000000080009d8        0x6 ./Core/Src/stm32f1xx_it.o
                0x00000000080009d8                MemManage_Handler
 .text.BusFault_Handler
                0x00000000080009de        0x6 ./Core/Src/stm32f1xx_it.o
                0x00000000080009de                BusFault_Handler
 .text.UsageFault_Handler
                0x00000000080009e4        0x6 ./Core/Src/stm32f1xx_it.o
                0x00000000080009e4                UsageFault_Handler
 .text.SVC_Handler
                0x00000000080009ea        0xc ./Core/Src/stm32f1xx_it.o
                0x00000000080009ea                SVC_Handler
 .text.DebugMon_Handler
                0x00000000080009f6        0xc ./Core/Src/stm32f1xx_it.o
                0x00000000080009f6                DebugMon_Handler
 .text.PendSV_Handler
                0x0000000008000a02        0xc ./Core/Src/stm32f1xx_it.o
                0x0000000008000a02                PendSV_Handler
 .text.SysTick_Handler
                0x0000000008000a0e        0xc ./Core/Src/stm32f1xx_it.o
                0x0000000008000a0e                SysTick_Handler
 *fill*         0x0000000008000a1a        0x2 
 .text.TIM2_IRQHandler
                0x0000000008000a1c       0x14 ./Core/Src/stm32f1xx_it.o
                0x0000000008000a1c                TIM2_IRQHandler
 .text.USART1_IRQHandler
                0x0000000008000a30       0x14 ./Core/Src/stm32f1xx_it.o
                0x0000000008000a30                USART1_IRQHandler
 .text.SystemInit
                0x0000000008000a44        0xc ./Core/Src/system_stm32f1xx.o
                0x0000000008000a44                SystemInit
 .text.Reset_Handler
                0x0000000008000a50       0x48 ./Core/Startup/startup_stm32f103c6ux.o
                0x0000000008000a50                Reset_Handler
 .text.Default_Handler
                0x0000000008000a98        0x2 ./Core/Startup/startup_stm32f103c6ux.o
                0x0000000008000a98                RTC_Alarm_IRQHandler
                0x0000000008000a98                EXTI2_IRQHandler
                0x0000000008000a98                TIM1_CC_IRQHandler
                0x0000000008000a98                PVD_IRQHandler
                0x0000000008000a98                EXTI3_IRQHandler
                0x0000000008000a98                EXTI0_IRQHandler
                0x0000000008000a98                ADC1_2_IRQHandler
                0x0000000008000a98                SPI1_IRQHandler
                0x0000000008000a98                TAMPER_IRQHandler
                0x0000000008000a98                DMA1_Channel4_IRQHandler
                0x0000000008000a98                RTC_IRQHandler
                0x0000000008000a98                DMA1_Channel7_IRQHandler
                0x0000000008000a98                CAN1_RX1_IRQHandler
                0x0000000008000a98                I2C1_EV_IRQHandler
                0x0000000008000a98                DMA1_Channel6_IRQHandler
                0x0000000008000a98                TIM3_IRQHandler
                0x0000000008000a98                RCC_IRQHandler
                0x0000000008000a98                TIM1_TRG_COM_IRQHandler
                0x0000000008000a98                DMA1_Channel1_IRQHandler
                0x0000000008000a98                Default_Handler
                0x0000000008000a98                EXTI15_10_IRQHandler
                0x0000000008000a98                EXTI9_5_IRQHandler
                0x0000000008000a98                DMA1_Channel5_IRQHandler
                0x0000000008000a98                EXTI4_IRQHandler
                0x0000000008000a98                USB_LP_CAN1_RX0_IRQHandler
                0x0000000008000a98                USB_HP_CAN1_TX_IRQHandler
                0x0000000008000a98                DMA1_Channel3_IRQHandler
                0x0000000008000a98                TIM1_UP_IRQHandler
                0x0000000008000a98                WWDG_IRQHandler
                0x0000000008000a98                TIM1_BRK_IRQHandler
                0x0000000008000a98                EXTI1_IRQHandler
                0x0000000008000a98                USART2_IRQHandler
                0x0000000008000a98                DMA1_Channel2_IRQHandler
                0x0000000008000a98                CAN1_SCE_IRQHandler
                0x0000000008000a98                FLASH_IRQHandler
                0x0000000008000a98                I2C1_ER_IRQHandler
                0x0000000008000a98                USBWakeUp_IRQHandler
 *fill*         0x0000000008000a9a        0x2 
 .text.HAL_Init
                0x0000000008000a9c       0x2c ./Drivers/STM32F1xx_HAL_Driver/Src/stm32f1xx_hal.o
                0x0000000008000a9c                HAL_Init
 .text.HAL_InitTick
                0x0000000008000ac8       0x60 ./Drivers/STM32F1xx_HAL_Driver/Src/stm32f1xx_hal.o
                0x0000000008000ac8                HAL_InitTick
 .text.HAL_IncTick
                0x0000000008000b28       0x24 ./Drivers/STM32F1xx_HAL_Driver/Src/stm32f1xx_hal.o
                0x0000000008000b28                HAL_IncTick
 .text.HAL_GetTick
                0x0000000008000b4c       0x14 ./Drivers/STM32F1xx_HAL_Driver/Src/stm32f1xx_hal.o
                0x0000000008000b4c                HAL_GetTick
 .text.HAL_ADC_Init
                0x0000000008000b60      0x1b0 ./Drivers/STM32F1xx_HAL_Driver/Src/stm32f1xx_hal_adc.o
                0x0000000008000b60                HAL_ADC_Init
 .text.HAL_ADC_ConfigChannel
                0x0000000008000d10      0x1f0 ./Drivers/STM32F1xx_HAL_Driver/Src/stm32f1xx_hal_adc.o
                0x0000000008000d10                HAL_ADC_ConfigChannel
 .text.ADC_ConversionStop_Disable
                0x0000000008000f00       0x82 ./Drivers/STM32F1xx_HAL_Driver/Src/stm32f1xx_hal_adc.o
                0x0000000008000f00                ADC_ConversionStop_Disable
 *fill*         0x0000000008000f82        0x2 
 .text.__NVIC_SetPriorityGrouping
                0x0000000008000f84       0x48 ./Drivers/STM32F1xx_HAL_Driver/Src/stm32f1xx_hal_cortex.o
 .text.__NVIC_GetPriorityGrouping
                0x0000000008000fcc       0x1c ./Drivers/STM32F1xx_HAL_Driver/Src/stm32f1xx_hal_cortex.o
 .text.__NVIC_EnableIRQ
                0x0000000008000fe8       0x38 ./Drivers/STM32F1xx_HAL_Driver/Src/stm32f1xx_hal_cortex.o
 .text.__NVIC_SetPriority
                0x0000000008001020       0x54 ./Drivers/STM32F1xx_HAL_Driver/Src/stm32f1xx_hal_cortex.o
 .text.NVIC_EncodePriority
                0x0000000008001074       0x64 ./Drivers/STM32F1xx_HAL_Driver/Src/stm32f1xx_hal_cortex.o
 .text.SysTick_Config
                0x00000000080010d8       0x44 ./Drivers/STM32F1xx_HAL_Driver/Src/stm32f1xx_hal_cortex.o
 .text.HAL_NVIC_SetPriorityGrouping
                0x000000000800111c       0x16 ./Drivers/STM32F1xx_HAL_Driver/Src/stm32f1xx_hal_cortex.o
                0x000000000800111c                HAL_NVIC_SetPriorityGrouping
 .text.HAL_NVIC_SetPriority
                0x0000000008001132       0x38 ./Drivers/STM32F1xx_HAL_Driver/Src/stm32f1xx_hal_cortex.o
                0x0000000008001132                HAL_NVIC_SetPriority
 .text.HAL_NVIC_EnableIRQ
                0x000000000800116a       0x1c ./Drivers/STM32F1xx_HAL_Driver/Src/stm32f1xx_hal_cortex.o
                0x000000000800116a                HAL_NVIC_EnableIRQ
 .text.HAL_SYSTICK_Config
                0x0000000008001186       0x18 ./Drivers/STM32F1xx_HAL_Driver/Src/stm32f1xx_hal_cortex.o
                0x0000000008001186                HAL_SYSTICK_Config
 .text.HAL_DMA_Abort
                0x000000000800119e       0x74 ./Drivers/STM32F1xx_HAL_Driver/Src/stm32f1xx_hal_dma.o
                0x000000000800119e                HAL_DMA_Abort
 *fill*         0x0000000008001212        0x2 
 .text.HAL_DMA_Abort_IT
                0x0000000008001214       0xec ./Drivers/STM32F1xx_HAL_Driver/Src/stm32f1xx_hal_dma.o
                0x0000000008001214                HAL_DMA_Abort_IT
 .text.HAL_GPIO_Init
                0x0000000008001300      0x2f4 ./Drivers/STM32F1xx_HAL_Driver/Src/stm32f1xx_hal_gpio.o
                0x0000000008001300                HAL_GPIO_Init
 .text.HAL_GPIO_WritePin
                0x00000000080015f4       0x30 ./Drivers/STM32F1xx_HAL_Driver/Src/stm32f1xx_hal_gpio.o
                0x00000000080015f4                HAL_GPIO_WritePin
 .text.HAL_GPIO_TogglePin
                0x0000000008001624       0x32 ./Drivers/STM32F1xx_HAL_Driver/Src/stm32f1xx_hal_gpio.o
                0x0000000008001624                HAL_GPIO_TogglePin
 *fill*         0x0000000008001656        0x2 
 .text.HAL_RCC_OscConfig
                0x0000000008001658      0x500 ./Drivers/STM32F1xx_HAL_Driver/Src/stm32f1xx_hal_rcc.o
                0x0000000008001658                HAL_RCC_OscConfig
 .text.HAL_RCC_ClockConfig
                0x0000000008001b58      0x1d4 ./Drivers/STM32F1xx_HAL_Driver/Src/stm32f1xx_hal_rcc.o
                0x0000000008001b58                HAL_RCC_ClockConfig
 .text.HAL_RCC_GetSysClockFreq
                0x0000000008001d2c       0xc0 ./Drivers/STM32F1xx_HAL_Driver/Src/stm32f1xx_hal_rcc.o
                0x0000000008001d2c                HAL_RCC_GetSysClockFreq
 .text.HAL_RCC_GetHCLKFreq
                0x0000000008001dec       0x14 ./Drivers/STM32F1xx_HAL_Driver/Src/stm32f1xx_hal_rcc.o
                0x0000000008001dec                HAL_RCC_GetHCLKFreq
 .text.HAL_RCC_GetPCLK1Freq
                0x0000000008001e00       0x28 ./Drivers/STM32F1xx_HAL_Driver/Src/stm32f1xx_hal_rcc.o
                0x0000000008001e00                HAL_RCC_GetPCLK1Freq
 .text.HAL_RCC_GetPCLK2Freq
                0x0000000008001e28       0x28 ./Drivers/STM32F1xx_HAL_Driver/Src/stm32f1xx_hal_rcc.o
                0x0000000008001e28                HAL_RCC_GetPCLK2Freq
 .text.RCC_Delay
                0x0000000008001e50       0x3c ./Drivers/STM32F1xx_HAL_Driver/Src/stm32f1xx_hal_rcc.o
 .text.HAL_RCCEx_PeriphCLKConfig
                0x0000000008001e8c      0x16c ./Drivers/STM32F1xx_HAL_Driver/Src/stm32f1xx_hal_rcc_ex.o
                0x0000000008001e8c                HAL_RCCEx_PeriphCLKConfig
 .text.HAL_TIM_Base_Init
                0x0000000008001ff8       0x9e ./Drivers/STM32F1xx_HAL_Driver/Src/stm32f1xx_hal_tim.o
                0x0000000008001ff8                HAL_TIM_Base_Init
 *fill*         0x0000000008002096        0x2 
 .text.HAL_TIM_Base_Start_IT
                0x0000000008002098       0x98 ./Drivers/STM32F1xx_HAL_Driver/Src/stm32f1xx_hal_tim.o
                0x0000000008002098                HAL_TIM_Base_Start_IT
 .text.HAL_TIM_IRQHandler
                0x0000000008002130      0x210 ./Drivers/STM32F1xx_HAL_Driver/Src/stm32f1xx_hal_tim.o
                0x0000000008002130                HAL_TIM_IRQHandler
 .text.HAL_TIM_ConfigClockSource
                0x0000000008002340      0x188 ./Drivers/STM32F1xx_HAL_Driver/Src/stm32f1xx_hal_tim.o
                0x0000000008002340                HAL_TIM_ConfigClockSource
 .text.HAL_TIM_OC_DelayElapsedCallback
                0x00000000080024c8       0x12 ./Drivers/STM32F1xx_HAL_Driver/Src/stm32f1xx_hal_tim.o
                0x00000000080024c8                HAL_TIM_OC_DelayElapsedCallback
 .text.HAL_TIM_IC_CaptureCallback
                0x00000000080024da       0x12 ./Drivers/STM32F1xx_HAL_Driver/Src/stm32f1xx_hal_tim.o
                0x00000000080024da                HAL_TIM_IC_CaptureCallback
 .text.HAL_TIM_PWM_PulseFinishedCallback
                0x00000000080024ec       0x12 ./Drivers/STM32F1xx_HAL_Driver/Src/stm32f1xx_hal_tim.o
                0x00000000080024ec                HAL_TIM_PWM_PulseFinishedCallback
 .text.HAL_TIM_TriggerCallback
                0x00000000080024fe       0x12 ./Drivers/STM32F1xx_HAL_Driver/Src/stm32f1xx_hal_tim.o
                0x00000000080024fe                HAL_TIM_TriggerCallback
 .text.TIM_Base_SetConfig
                0x0000000008002510       0xb0 ./Drivers/STM32F1xx_HAL_Driver/Src/stm32f1xx_hal_tim.o
                0x0000000008002510                TIM_Base_SetConfig
 .text.TIM_TI1_ConfigInputStage
                0x00000000080025c0       0x5c ./Drivers/STM32F1xx_HAL_Driver/Src/stm32f1xx_hal_tim.o
 .text.TIM_TI2_ConfigInputStage
                0x000000000800261c       0x5e ./Drivers/STM32F1xx_HAL_Driver/Src/stm32f1xx_hal_tim.o
 .text.TIM_ITRx_SetConfig
                0x000000000800267a       0x34 ./Drivers/STM32F1xx_HAL_Driver/Src/stm32f1xx_hal_tim.o
 .text.TIM_ETR_SetConfig
                0x00000000080026ae       0x3e ./Drivers/STM32F1xx_HAL_Driver/Src/stm32f1xx_hal_tim.o
                0x00000000080026ae                TIM_ETR_SetConfig
 .text.HAL_TIMEx_MasterConfigSynchronization
                0x00000000080026ec       0xb0 ./Drivers/STM32F1xx_HAL_Driver/Src/stm32f1xx_hal_tim_ex.o
                0x00000000080026ec                HAL_TIMEx_MasterConfigSynchronization
 .text.HAL_TIMEx_CommutCallback
                0x000000000800279c       0x12 ./Drivers/STM32F1xx_HAL_Driver/Src/stm32f1xx_hal_tim_ex.o
                0x000000000800279c                HAL_TIMEx_CommutCallback
 .text.HAL_TIMEx_BreakCallback
                0x00000000080027ae       0x12 ./Drivers/STM32F1xx_HAL_Driver/Src/stm32f1xx_hal_tim_ex.o
                0x00000000080027ae                HAL_TIMEx_BreakCallback
 .text.HAL_UART_Init
                0x00000000080027c0       0x9a ./Drivers/STM32F1xx_HAL_Driver/Src/stm32f1xx_hal_uart.o
                0x00000000080027c0                HAL_UART_Init
 *fill*         0x000000000800285a        0x2 
 .text.HAL_UART_IRQHandler
                0x000000000800285c      0x354 ./Drivers/STM32F1xx_HAL_Driver/Src/stm32f1xx_hal_uart.o
                0x000000000800285c                HAL_UART_IRQHandler
 .text.HAL_UART_TxCpltCallback
                0x0000000008002bb0       0x12 ./Drivers/STM32F1xx_HAL_Driver/Src/stm32f1xx_hal_uart.o
                0x0000000008002bb0                HAL_UART_TxCpltCallback
 .text.HAL_UART_RxCpltCallback
                0x0000000008002bc2       0x12 ./Drivers/STM32F1xx_HAL_Driver/Src/stm32f1xx_hal_uart.o
                0x0000000008002bc2                HAL_UART_RxCpltCallback
 .text.HAL_UART_ErrorCallback
                0x0000000008002bd4       0x12 ./Drivers/STM32F1xx_HAL_Driver/Src/stm32f1xx_hal_uart.o
                0x0000000008002bd4                HAL_UART_ErrorCallback
 .text.HAL_UARTEx_RxEventCallback
                0x0000000008002be6       0x16 ./Drivers/STM32F1xx_HAL_Driver/Src/stm32f1xx_hal_uart.o
                0x0000000008002be6                HAL_UARTEx_RxEventCallback
 .text.UART_EndRxTransfer
                0x0000000008002bfc       0x58 ./Drivers/STM32F1xx_HAL_Driver/Src/stm32f1xx_hal_uart.o
 .text.UART_DMAAbortOnError
                0x0000000008002c54       0x28 ./Drivers/STM32F1xx_HAL_Driver/Src/stm32f1xx_hal_uart.o
 .text.UART_Transmit_IT
                0x0000000008002c7c       0x9e ./Drivers/STM32F1xx_HAL_Driver/Src/stm32f1xx_hal_uart.o
 .text.UART_EndTransmit_IT
                0x0000000008002d1a       0x30 ./Drivers/STM32F1xx_HAL_Driver/Src/stm32f1xx_hal_uart.o
 .text.UART_Receive_IT
                0x0000000008002d4a      0x152 ./Drivers/STM32F1xx_HAL_Driver/Src/stm32f1xx_hal_uart.o
 .text.UART_SetConfig
                0x0000000008002e9c      0x11c ./Drivers/STM32F1xx_HAL_Driver/Src/stm32f1xx_hal_uart.o
 .text.__libc_init_array
                0x0000000008002fb8       0x48 e:/phan mem hoc tap bk/stm32/stm32cubeide_1.7.0/stm32cubeide/plugins/com.st.stm32cube.ide.mcu.externaltools.gnu-tools-for-stm32.9-2020-q2-update.win32_2.0.0.202105311346/tools/bin/../lib/gcc/arm-none-eabi/9.3.1/../../../../arm-none-eabi/lib/thumb/v7-m/nofp\libc_nano.a(lib_a-init.o)
                0x0000000008002fb8                __libc_init_array
 .text.memset   0x0000000008003000       0x10 e:/phan mem hoc tap bk/stm32/stm32cubeide_1.7.0/stm32cubeide/plugins/com.st.stm32cube.ide.mcu.externaltools.gnu-tools-for-stm32.9-2020-q2-update.win32_2.0.0.202105311346/tools/bin/../lib/gcc/arm-none-eabi/9.3.1/../../../../arm-none-eabi/lib/thumb/v7-m/nofp\libc_nano.a(lib_a-memset.o)
                0x0000000008003000                memset
 *(.glue_7)
 .glue_7        0x0000000008003010        0x0 linker stubs
 *(.glue_7t)
 .glue_7t       0x0000000008003010        0x0 linker stubs
 *(.eh_frame)
 .eh_frame      0x0000000008003010        0x0 e:/phan mem hoc tap bk/stm32/stm32cubeide_1.7.0/stm32cubeide/plugins/com.st.stm32cube.ide.mcu.externaltools.gnu-tools-for-stm32.9-2020-q2-update.win32_2.0.0.202105311346/tools/bin/../lib/gcc/arm-none-eabi/9.3.1/thumb/v7-m/nofp/crtbegin.o
 *(.init)
 .init          0x0000000008003010        0x4 e:/phan mem hoc tap bk/stm32/stm32cubeide_1.7.0/stm32cubeide/plugins/com.st.stm32cube.ide.mcu.externaltools.gnu-tools-for-stm32.9-2020-q2-update.win32_2.0.0.202105311346/tools/bin/../lib/gcc/arm-none-eabi/9.3.1/thumb/v7-m/nofp/crti.o
                0x0000000008003010                _init
 .init          0x0000000008003014        0x8 e:/phan mem hoc tap bk/stm32/stm32cubeide_1.7.0/stm32cubeide/plugins/com.st.stm32cube.ide.mcu.externaltools.gnu-tools-for-stm32.9-2020-q2-update.win32_2.0.0.202105311346/tools/bin/../lib/gcc/arm-none-eabi/9.3.1/thumb/v7-m/nofp/crtn.o
 *(.fini)
 .fini          0x000000000800301c        0x4 e:/phan mem hoc tap bk/stm32/stm32cubeide_1.7.0/stm32cubeide/plugins/com.st.stm32cube.ide.mcu.externaltools.gnu-tools-for-stm32.9-2020-q2-update.win32_2.0.0.202105311346/tools/bin/../lib/gcc/arm-none-eabi/9.3.1/thumb/v7-m/nofp/crti.o
                0x000000000800301c                _fini
 .fini          0x0000000008003020        0x8 e:/phan mem hoc tap bk/stm32/stm32cubeide_1.7.0/stm32cubeide/plugins/com.st.stm32cube.ide.mcu.externaltools.gnu-tools-for-stm32.9-2020-q2-update.win32_2.0.0.202105311346/tools/bin/../lib/gcc/arm-none-eabi/9.3.1/thumb/v7-m/nofp/crtn.o
                0x0000000008003028                . = ALIGN (0x4)
                0x0000000008003028                _etext = .

.vfp11_veneer   0x0000000008003028        0x0
 .vfp11_veneer  0x0000000008003028        0x0 linker stubs

.v4_bx          0x0000000008003028        0x0
 .v4_bx         0x0000000008003028        0x0 linker stubs

.iplt           0x0000000008003028        0x0
 .iplt          0x0000000008003028        0x0 e:/phan mem hoc tap bk/stm32/stm32cubeide_1.7.0/stm32cubeide/plugins/com.st.stm32cube.ide.mcu.externaltools.gnu-tools-for-stm32.9-2020-q2-update.win32_2.0.0.202105311346/tools/bin/../lib/gcc/arm-none-eabi/9.3.1/thumb/v7-m/nofp/crtbegin.o

.rodata         0x0000000008003028       0x28
                0x0000000008003028                . = ALIGN (0x4)
 *(.rodata)
 .rodata        0x0000000008003028       0x10 ./Drivers/STM32F1xx_HAL_Driver/Src/stm32f1xx_hal_rcc.o
 *(.rodata*)
 .rodata.AHBPrescTable
                0x0000000008003038       0x10 ./Core/Src/system_stm32f1xx.o
                0x0000000008003038                AHBPrescTable
 .rodata.APBPrescTable
                0x0000000008003048        0x8 ./Core/Src/system_stm32f1xx.o
                0x0000000008003048                APBPrescTable
                0x0000000008003050                . = ALIGN (0x4)

.rel.dyn        0x0000000008003050        0x0
 .rel.iplt      0x0000000008003050        0x0 e:/phan mem hoc tap bk/stm32/stm32cubeide_1.7.0/stm32cubeide/plugins/com.st.stm32cube.ide.mcu.externaltools.gnu-tools-for-stm32.9-2020-q2-update.win32_2.0.0.202105311346/tools/bin/../lib/gcc/arm-none-eabi/9.3.1/thumb/v7-m/nofp/crtbegin.o

.ARM.extab      0x0000000008003050        0x0
                0x0000000008003050                . = ALIGN (0x4)
 *(.ARM.extab* .gnu.linkonce.armextab.*)
                0x0000000008003050                . = ALIGN (0x4)

.ARM            0x0000000008003050        0x0
                0x0000000008003050                . = ALIGN (0x4)
                0x0000000008003050                __exidx_start = .
 *(.ARM.exidx*)
                0x0000000008003050                __exidx_end = .
                0x0000000008003050                . = ALIGN (0x4)

.preinit_array  0x0000000008003050        0x0
                0x0000000008003050                . = ALIGN (0x4)
                0x0000000008003050                PROVIDE (__preinit_array_start = .)
 *(.preinit_array*)
                0x0000000008003050                PROVIDE (__preinit_array_end = .)
                0x0000000008003050                . = ALIGN (0x4)

.init_array     0x0000000008003050        0x4
                0x0000000008003050                . = ALIGN (0x4)
                0x0000000008003050                PROVIDE (__init_array_start = .)
 *(SORT_BY_NAME(.init_array.*))
 *(.init_array*)
 .init_array    0x0000000008003050        0x4 e:/phan mem hoc tap bk/stm32/stm32cubeide_1.7.0/stm32cubeide/plugins/com.st.stm32cube.ide.mcu.externaltools.gnu-tools-for-stm32.9-2020-q2-update.win32_2.0.0.202105311346/tools/bin/../lib/gcc/arm-none-eabi/9.3.1/thumb/v7-m/nofp/crtbegin.o
                0x0000000008003054                PROVIDE (__init_array_end = .)
                0x0000000008003054                . = ALIGN (0x4)

.fini_array     0x0000000008003054        0x4
                0x0000000008003054                . = ALIGN (0x4)
                [!provide]                        PROVIDE (__fini_array_start = .)
 *(SORT_BY_NAME(.fini_array.*))
 *(.fini_array*)
 .fini_array    0x0000000008003054        0x4 e:/phan mem hoc tap bk/stm32/stm32cubeide_1.7.0/stm32cubeide/plugins/com.st.stm32cube.ide.mcu.externaltools.gnu-tools-for-stm32.9-2020-q2-update.win32_2.0.0.202105311346/tools/bin/../lib/gcc/arm-none-eabi/9.3.1/thumb/v7-m/nofp/crtbegin.o
                [!provide]                        PROVIDE (__fini_array_end = .)
                0x0000000008003058                . = ALIGN (0x4)
                0x0000000008003058                _sidata = LOADADDR (.data)

.data           0x0000000020000000       0x10 load address 0x0000000008003058
                0x0000000020000000                . = ALIGN (0x4)
                0x0000000020000000                _sdata = .
 *(.data)
 *(.data*)
 .data.TICK     0x0000000020000000        0x4 ./Core/Src/scheduler.o
                0x0000000020000000                TICK
 .data.SystemCoreClock
                0x0000000020000004        0x4 ./Core/Src/system_stm32f1xx.o
                0x0000000020000004                SystemCoreClock
 .data.uwTickPrio
                0x0000000020000008        0x4 ./Drivers/STM32F1xx_HAL_Driver/Src/stm32f1xx_hal.o
                0x0000000020000008                uwTickPrio
 .data.uwTickFreq
                0x000000002000000c        0x1 ./Drivers/STM32F1xx_HAL_Driver/Src/stm32f1xx_hal.o
                0x000000002000000c                uwTickFreq
 *(.RamFunc)
 *(.RamFunc*)
                0x0000000020000010                . = ALIGN (0x4)
 *fill*         0x000000002000000d        0x3 
                0x0000000020000010                _edata = .

.igot.plt       0x0000000020000010        0x0 load address 0x0000000008003068
 .igot.plt      0x0000000020000010        0x0 e:/phan mem hoc tap bk/stm32/stm32cubeide_1.7.0/stm32cubeide/plugins/com.st.stm32cube.ide.mcu.externaltools.gnu-tools-for-stm32.9-2020-q2-update.win32_2.0.0.202105311346/tools/bin/../lib/gcc/arm-none-eabi/9.3.1/thumb/v7-m/nofp/crtbegin.o
                0x0000000020000010                . = ALIGN (0x4)

.bss            0x0000000020000010      0x400 load address 0x0000000008003068
                0x0000000020000010                _sbss = .
                0x0000000020000010                __bss_start__ = _sbss
 *(.bss)
 .bss           0x0000000020000010       0x1c e:/phan mem hoc tap bk/stm32/stm32cubeide_1.7.0/stm32cubeide/plugins/com.st.stm32cube.ide.mcu.externaltools.gnu-tools-for-stm32.9-2020-q2-update.win32_2.0.0.202105311346/tools/bin/../lib/gcc/arm-none-eabi/9.3.1/thumb/v7-m/nofp/crtbegin.o
 *(.bss*)
 .bss.current_index_task
                0x000000002000002c        0x1 ./Core/Src/scheduler.o
                0x000000002000002c                current_index_task
 *(COMMON)
 *fill*         0x000000002000002d        0x3 
 COMMON         0x0000000020000030       0xbc ./Core/Src/main.o
                0x0000000020000030                hadc1
                0x0000000020000060                huart1
                0x00000000200000a4                htim2
 COMMON         0x00000000200000ec      0x320 ./Core/Src/scheduler.o
                0x00000000200000ec                SCH_Tasks_G
 COMMON         0x000000002000040c        0x4 ./Drivers/STM32F1xx_HAL_Driver/Src/stm32f1xx_hal.o
                0x000000002000040c                uwTick
                0x0000000020000410                . = ALIGN (0x4)
                0x0000000020000410                _ebss = .
                0x0000000020000410                __bss_end__ = _ebss

._user_heap_stack
                0x0000000020000410      0x600 load address 0x0000000008003068
                0x0000000020000410                . = ALIGN (0x8)
                [!provide]                        PROVIDE (end = .)
                0x0000000020000410                PROVIDE (_end = .)
                0x0000000020000610                . = (. + _Min_Heap_Size)
 *fill*         0x0000000020000410      0x200 
                0x0000000020000a10                . = (. + _Min_Stack_Size)
 *fill*         0x0000000020000610      0x400 
                0x0000000020000a10                . = ALIGN (0x8)

/DISCARD/
 libc.a(*)
 libm.a(*)
 libgcc.a(*)

.ARM.attributes
                0x0000000000000000       0x29
 *(.ARM.attributes)
 .ARM.attributes
                0x0000000000000000       0x1d e:/phan mem hoc tap bk/stm32/stm32cubeide_1.7.0/stm32cubeide/plugins/com.st.stm32cube.ide.mcu.externaltools.gnu-tools-for-stm32.9-2020-q2-update.win32_2.0.0.202105311346/tools/bin/../lib/gcc/arm-none-eabi/9.3.1/thumb/v7-m/nofp/crti.o
 .ARM.attributes
                0x000000000000001d       0x2d e:/phan mem hoc tap bk/stm32/stm32cubeide_1.7.0/stm32cubeide/plugins/com.st.stm32cube.ide.mcu.externaltools.gnu-tools-for-stm32.9-2020-q2-update.win32_2.0.0.202105311346/tools/bin/../lib/gcc/arm-none-eabi/9.3.1/thumb/v7-m/nofp/crtbegin.o
 .ARM.attributes
                0x000000000000004a       0x2d ./Core/Src/main.o
 .ARM.attributes
                0x0000000000000077       0x2d ./Core/Src/scheduler.o
 .ARM.attributes
                0x00000000000000a4       0x2d ./Core/Src/stm32f1xx_hal_msp.o
 .ARM.attributes
                0x00000000000000d1       0x2d ./Core/Src/stm32f1xx_it.o
 .ARM.attributes
                0x00000000000000fe       0x2d ./Core/Src/system_stm32f1xx.o
 .ARM.attributes
                0x000000000000012b       0x21 ./Core/Startup/startup_stm32f103c6ux.o
 .ARM.attributes
                0x000000000000014c       0x2d ./Drivers/STM32F1xx_HAL_Driver/Src/stm32f1xx_hal.o
 .ARM.attributes
                0x0000000000000179       0x2d ./Drivers/STM32F1xx_HAL_Driver/Src/stm32f1xx_hal_adc.o
 .ARM.attributes
                0x00000000000001a6       0x2d ./Drivers/STM32F1xx_HAL_Driver/Src/stm32f1xx_hal_cortex.o
 .ARM.attributes
                0x00000000000001d3       0x2d ./Drivers/STM32F1xx_HAL_Driver/Src/stm32f1xx_hal_dma.o
 .ARM.attributes
                0x0000000000000200       0x2d ./Drivers/STM32F1xx_HAL_Driver/Src/stm32f1xx_hal_gpio.o
 .ARM.attributes
                0x000000000000022d       0x2d ./Drivers/STM32F1xx_HAL_Driver/Src/stm32f1xx_hal_rcc.o
 .ARM.attributes
                0x000000000000025a       0x2d ./Drivers/STM32F1xx_HAL_Driver/Src/stm32f1xx_hal_rcc_ex.o
 .ARM.attributes
                0x0000000000000287       0x2d ./Drivers/STM32F1xx_HAL_Driver/Src/stm32f1xx_hal_tim.o
 .ARM.attributes
                0x00000000000002b4       0x2d ./Drivers/STM32F1xx_HAL_Driver/Src/stm32f1xx_hal_tim_ex.o
 .ARM.attributes
                0x00000000000002e1       0x2d ./Drivers/STM32F1xx_HAL_Driver/Src/stm32f1xx_hal_uart.o
 .ARM.attributes
                0x000000000000030e       0x2d e:/phan mem hoc tap bk/stm32/stm32cubeide_1.7.0/stm32cubeide/plugins/com.st.stm32cube.ide.mcu.externaltools.gnu-tools-for-stm32.9-2020-q2-update.win32_2.0.0.202105311346/tools/bin/../lib/gcc/arm-none-eabi/9.3.1/../../../../arm-none-eabi/lib/thumb/v7-m/nofp\libc_nano.a(lib_a-init.o)
 .ARM.attributes
                0x000000000000033b       0x2d e:/phan mem hoc tap bk/stm32/stm32cubeide_1.7.0/stm32cubeide/plugins/com.st.stm32cube.ide.mcu.externaltools.gnu-tools-for-stm32.9-2020-q2-update.win32_2.0.0.202105311346/tools/bin/../lib/gcc/arm-none-eabi/9.3.1/../../../../arm-none-eabi/lib/thumb/v7-m/nofp\libc_nano.a(lib_a-memset.o)
 .ARM.attributes
                0x0000000000000368       0x1d e:/phan mem hoc tap bk/stm32/stm32cubeide_1.7.0/stm32cubeide/plugins/com.st.stm32cube.ide.mcu.externaltools.gnu-tools-for-stm32.9-2020-q2-update.win32_2.0.0.202105311346/tools/bin/../lib/gcc/arm-none-eabi/9.3.1/thumb/v7-m/nofp/crtn.o
OUTPUT(Lab4.elf elf32-littlearm)
LOAD linker stubs
LOAD e:/phan mem hoc tap bk/stm32/stm32cubeide_1.7.0/stm32cubeide/plugins/com.st.stm32cube.ide.mcu.externaltools.gnu-tools-for-stm32.9-2020-q2-update.win32_2.0.0.202105311346/tools/bin/../lib/gcc/arm-none-eabi/9.3.1/../../../../arm-none-eabi/lib/thumb/v7-m/nofp\libc.a
LOAD e:/phan mem hoc tap bk/stm32/stm32cubeide_1.7.0/stm32cubeide/plugins/com.st.stm32cube.ide.mcu.externaltools.gnu-tools-for-stm32.9-2020-q2-update.win32_2.0.0.202105311346/tools/bin/../lib/gcc/arm-none-eabi/9.3.1/../../../../arm-none-eabi/lib/thumb/v7-m/nofp\libm.a
LOAD e:/phan mem hoc tap bk/stm32/stm32cubeide_1.7.0/stm32cubeide/plugins/com.st.stm32cube.ide.mcu.externaltools.gnu-tools-for-stm32.9-2020-q2-update.win32_2.0.0.202105311346/tools/bin/../lib/gcc/arm-none-eabi/9.3.1/thumb/v7-m/nofp\libgcc.a

.debug_info     0x0000000000000000     0xcb43
 .debug_info    0x0000000000000000     0x1134 ./Core/Src/main.o
 .debug_info    0x0000000000001134      0xb11 ./Core/Src/scheduler.o
 .debug_info    0x0000000000001c45     0x1064 ./Core/Src/stm32f1xx_hal_msp.o
 .debug_info    0x0000000000002ca9      0xa22 ./Core/Src/stm32f1xx_it.o
 .debug_info    0x00000000000036cb      0x2be ./Core/Src/system_stm32f1xx.o
 .debug_info    0x0000000000003989       0x22 ./Core/Startup/startup_stm32f103c6ux.o
 .debug_info    0x00000000000039ab      0x74c ./Drivers/STM32F1xx_HAL_Driver/Src/stm32f1xx_hal.o
 .debug_info    0x00000000000040f7      0xd2d ./Drivers/STM32F1xx_HAL_Driver/Src/stm32f1xx_hal_adc.o
 .debug_info    0x0000000000004e24      0xbbe ./Drivers/STM32F1xx_HAL_Driver/Src/stm32f1xx_hal_cortex.o
 .debug_info    0x00000000000059e2      0x81e ./Drivers/STM32F1xx_HAL_Driver/Src/stm32f1xx_hal_dma.o
 .debug_info    0x0000000000006200      0x701 ./Drivers/STM32F1xx_HAL_Driver/Src/stm32f1xx_hal_gpio.o
 .debug_info    0x0000000000006901      0x88e ./Drivers/STM32F1xx_HAL_Driver/Src/stm32f1xx_hal_rcc.o
 .debug_info    0x000000000000718f      0x480 ./Drivers/STM32F1xx_HAL_Driver/Src/stm32f1xx_hal_rcc_ex.o
 .debug_info    0x000000000000760f     0x2a45 ./Drivers/STM32F1xx_HAL_Driver/Src/stm32f1xx_hal_tim.o
 .debug_info    0x000000000000a054     0x14d5 ./Drivers/STM32F1xx_HAL_Driver/Src/stm32f1xx_hal_tim_ex.o
 .debug_info    0x000000000000b529     0x161a ./Drivers/STM32F1xx_HAL_Driver/Src/stm32f1xx_hal_uart.o

.debug_abbrev   0x0000000000000000     0x1faa
 .debug_abbrev  0x0000000000000000      0x298 ./Core/Src/main.o
 .debug_abbrev  0x0000000000000298      0x214 ./Core/Src/scheduler.o
 .debug_abbrev  0x00000000000004ac      0x1c8 ./Core/Src/stm32f1xx_hal_msp.o
 .debug_abbrev  0x0000000000000674      0x176 ./Core/Src/stm32f1xx_it.o
 .debug_abbrev  0x00000000000007ea      0x14e ./Core/Src/system_stm32f1xx.o
 .debug_abbrev  0x0000000000000938       0x12 ./Core/Startup/startup_stm32f103c6ux.o
 .debug_abbrev  0x000000000000094a      0x1ed ./Drivers/STM32F1xx_HAL_Driver/Src/stm32f1xx_hal.o
 .debug_abbrev  0x0000000000000b37      0x1fb ./Drivers/STM32F1xx_HAL_Driver/Src/stm32f1xx_hal_adc.o
 .debug_abbrev  0x0000000000000d32      0x313 ./Drivers/STM32F1xx_HAL_Driver/Src/stm32f1xx_hal_cortex.o
 .debug_abbrev  0x0000000000001045      0x228 ./Drivers/STM32F1xx_HAL_Driver/Src/stm32f1xx_hal_dma.o
 .debug_abbrev  0x000000000000126d      0x1e8 ./Drivers/STM32F1xx_HAL_Driver/Src/stm32f1xx_hal_gpio.o
 .debug_abbrev  0x0000000000001455      0x273 ./Drivers/STM32F1xx_HAL_Driver/Src/stm32f1xx_hal_rcc.o
 .debug_abbrev  0x00000000000016c8      0x193 ./Drivers/STM32F1xx_HAL_Driver/Src/stm32f1xx_hal_rcc_ex.o
 .debug_abbrev  0x000000000000185b      0x25e ./Drivers/STM32F1xx_HAL_Driver/Src/stm32f1xx_hal_tim.o
 .debug_abbrev  0x0000000000001ab9      0x266 ./Drivers/STM32F1xx_HAL_Driver/Src/stm32f1xx_hal_tim_ex.o
 .debug_abbrev  0x0000000000001d1f      0x28b ./Drivers/STM32F1xx_HAL_Driver/Src/stm32f1xx_hal_uart.o

.debug_aranges  0x0000000000000000      0xd78
 .debug_aranges
                0x0000000000000000       0x88 ./Core/Src/main.o
 .debug_aranges
                0x0000000000000088       0x40 ./Core/Src/scheduler.o
 .debug_aranges
                0x00000000000000c8       0x50 ./Core/Src/stm32f1xx_hal_msp.o
 .debug_aranges
                0x0000000000000118       0x70 ./Core/Src/stm32f1xx_it.o
 .debug_aranges
                0x0000000000000188       0x28 ./Core/Src/system_stm32f1xx.o
 .debug_aranges
                0x00000000000001b0       0x28 ./Core/Startup/startup_stm32f103c6ux.o
 .debug_aranges
                0x00000000000001d8       0xe0 ./Drivers/STM32F1xx_HAL_Driver/Src/stm32f1xx_hal.o
 .debug_aranges
                0x00000000000002b8       0xf0 ./Drivers/STM32F1xx_HAL_Driver/Src/stm32f1xx_hal_adc.o
 .debug_aranges
                0x00000000000003a8      0x100 ./Drivers/STM32F1xx_HAL_Driver/Src/stm32f1xx_hal_cortex.o
 .debug_aranges
                0x00000000000004a8       0x80 ./Drivers/STM32F1xx_HAL_Driver/Src/stm32f1xx_hal_dma.o
 .debug_aranges
                0x0000000000000528       0x58 ./Drivers/STM32F1xx_HAL_Driver/Src/stm32f1xx_hal_gpio.o
 .debug_aranges
                0x0000000000000580       0x90 ./Drivers/STM32F1xx_HAL_Driver/Src/stm32f1xx_hal_rcc.o
 .debug_aranges
                0x0000000000000610       0x30 ./Drivers/STM32F1xx_HAL_Driver/Src/stm32f1xx_hal_rcc_ex.o
 .debug_aranges
                0x0000000000000640      0x3d0 ./Drivers/STM32F1xx_HAL_Driver/Src/stm32f1xx_hal_tim.o
 .debug_aranges
                0x0000000000000a10      0x168 ./Drivers/STM32F1xx_HAL_Driver/Src/stm32f1xx_hal_tim_ex.o
 .debug_aranges
                0x0000000000000b78      0x200 ./Drivers/STM32F1xx_HAL_Driver/Src/stm32f1xx_hal_uart.o

.debug_ranges   0x0000000000000000      0xcb0
 .debug_ranges  0x0000000000000000       0x78 ./Core/Src/main.o
 .debug_ranges  0x0000000000000078       0x30 ./Core/Src/scheduler.o
 .debug_ranges  0x00000000000000a8       0x40 ./Core/Src/stm32f1xx_hal_msp.o
 .debug_ranges  0x00000000000000e8       0x60 ./Core/Src/stm32f1xx_it.o
 .debug_ranges  0x0000000000000148       0x18 ./Core/Src/system_stm32f1xx.o
 .debug_ranges  0x0000000000000160       0x20 ./Core/Startup/startup_stm32f103c6ux.o
 .debug_ranges  0x0000000000000180       0xd0 ./Drivers/STM32F1xx_HAL_Driver/Src/stm32f1xx_hal.o
 .debug_ranges  0x0000000000000250       0xe0 ./Drivers/STM32F1xx_HAL_Driver/Src/stm32f1xx_hal_adc.o
 .debug_ranges  0x0000000000000330       0xf0 ./Drivers/STM32F1xx_HAL_Driver/Src/stm32f1xx_hal_cortex.o
 .debug_ranges  0x0000000000000420       0x70 ./Drivers/STM32F1xx_HAL_Driver/Src/stm32f1xx_hal_dma.o
 .debug_ranges  0x0000000000000490       0x48 ./Drivers/STM32F1xx_HAL_Driver/Src/stm32f1xx_hal_gpio.o
 .debug_ranges  0x00000000000004d8       0x80 ./Drivers/STM32F1xx_HAL_Driver/Src/stm32f1xx_hal_rcc.o
 .debug_ranges  0x0000000000000558       0x20 ./Drivers/STM32F1xx_HAL_Driver/Src/stm32f1xx_hal_rcc_ex.o
 .debug_ranges  0x0000000000000578      0x3c0 ./Drivers/STM32F1xx_HAL_Driver/Src/stm32f1xx_hal_tim.o
 .debug_ranges  0x0000000000000938      0x158 ./Drivers/STM32F1xx_HAL_Driver/Src/stm32f1xx_hal_tim_ex.o
 .debug_ranges  0x0000000000000a90      0x220 ./Drivers/STM32F1xx_HAL_Driver/Src/stm32f1xx_hal_uart.o

.debug_macro    0x0000000000000000    0x180a2
 .debug_macro   0x0000000000000000      0x1ce ./Core/Src/main.o
 .debug_macro   0x00000000000001ce      0xa9c ./Core/Src/main.o
 .debug_macro   0x0000000000000c6a      0x221 ./Core/Src/main.o
 .debug_macro   0x0000000000000e8b       0x2e ./Core/Src/main.o
 .debug_macro   0x0000000000000eb9       0x22 ./Core/Src/main.o
 .debug_macro   0x0000000000000edb       0x22 ./Core/Src/main.o
 .debug_macro   0x0000000000000efd       0x8e ./Core/Src/main.o
 .debug_macro   0x0000000000000f8b       0x51 ./Core/Src/main.o
 .debug_macro   0x0000000000000fdc      0x103 ./Core/Src/main.o
 .debug_macro   0x00000000000010df       0x6a ./Core/Src/main.o
 .debug_macro   0x0000000000001149      0x1df ./Core/Src/main.o
 .debug_macro   0x0000000000001328       0x1c ./Core/Src/main.o
 .debug_macro   0x0000000000001344       0x22 ./Core/Src/main.o
 .debug_macro   0x0000000000001366       0xc3 ./Core/Src/main.o
 .debug_macro   0x0000000000001429      0xd23 ./Core/Src/main.o
 .debug_macro   0x000000000000214c     0xde75 ./Core/Src/main.o
 .debug_macro   0x000000000000ffc1       0x6d ./Core/Src/main.o
 .debug_macro   0x000000000001002e     0x3468 ./Core/Src/main.o
 .debug_macro   0x0000000000013496      0x174 ./Core/Src/main.o
 .debug_macro   0x000000000001360a       0x5c ./Core/Src/main.o
 .debug_macro   0x0000000000013666      0x5be ./Core/Src/main.o
 .debug_macro   0x0000000000013c24      0x1b7 ./Core/Src/main.o
 .debug_macro   0x0000000000013ddb      0x1cb ./Core/Src/main.o
 .debug_macro   0x0000000000013fa6      0x114 ./Core/Src/main.o
 .debug_macro   0x00000000000140ba      0x1b2 ./Core/Src/main.o
 .debug_macro   0x000000000001426c       0x27 ./Core/Src/main.o
 .debug_macro   0x0000000000014293      0x12f ./Core/Src/main.o
 .debug_macro   0x00000000000143c2      0x1bc ./Core/Src/main.o
 .debug_macro   0x000000000001457e       0x34 ./Core/Src/main.o
 .debug_macro   0x00000000000145b2       0x3c ./Core/Src/main.o
 .debug_macro   0x00000000000145ee       0x57 ./Core/Src/main.o
 .debug_macro   0x0000000000014645      0x46a ./Core/Src/main.o
 .debug_macro   0x0000000000014aaf      0x1b5 ./Core/Src/main.o
 .debug_macro   0x0000000000014c64       0x88 ./Core/Src/main.o
 .debug_macro   0x0000000000014cec      0x183 ./Core/Src/main.o
 .debug_macro   0x0000000000014e6f      0x141 ./Core/Src/main.o
 .debug_macro   0x0000000000014fb0      0x8d1 ./Core/Src/main.o
 .debug_macro   0x0000000000015881      0x279 ./Core/Src/main.o
 .debug_macro   0x0000000000015afa       0x69 ./Core/Src/main.o
 .debug_macro   0x0000000000015b63       0x40 ./Core/Src/main.o
 .debug_macro   0x0000000000015ba3       0x10 ./Core/Src/main.o
 .debug_macro   0x0000000000015bb3      0x1d7 ./Core/Src/scheduler.o
 .debug_macro   0x0000000000015d8a       0x52 ./Core/Src/scheduler.o
 .debug_macro   0x0000000000015ddc       0x18 ./Core/Src/scheduler.o
 .debug_macro   0x0000000000015df4       0x3c ./Core/Src/scheduler.o
 .debug_macro   0x0000000000015e30       0x34 ./Core/Src/scheduler.o
 .debug_macro   0x0000000000015e64       0x16 ./Core/Src/scheduler.o
 .debug_macro   0x0000000000015e7a       0x97 ./Core/Src/scheduler.o
 .debug_macro   0x0000000000015f11      0x339 ./Core/Src/scheduler.o
 .debug_macro   0x000000000001624a       0xfd ./Core/Src/scheduler.o
 .debug_macro   0x0000000000016347       0x10 ./Core/Src/scheduler.o
 .debug_macro   0x0000000000016357       0x16 ./Core/Src/scheduler.o
 .debug_macro   0x000000000001636d       0x43 ./Core/Src/scheduler.o
 .debug_macro   0x00000000000163b0       0x34 ./Core/Src/scheduler.o
 .debug_macro   0x00000000000163e4       0x10 ./Core/Src/scheduler.o
 .debug_macro   0x00000000000163f4       0x58 ./Core/Src/scheduler.o
 .debug_macro   0x000000000001644c       0x71 ./Core/Src/scheduler.o
 .debug_macro   0x00000000000164bd       0x1c ./Core/Src/scheduler.o
 .debug_macro   0x00000000000164d9      0x12a ./Core/Src/scheduler.o
 .debug_macro   0x0000000000016603       0x10 ./Core/Src/scheduler.o
 .debug_macro   0x0000000000016613       0x1c ./Core/Src/scheduler.o
 .debug_macro   0x000000000001662f       0x52 ./Core/Src/scheduler.o
 .debug_macro   0x0000000000016681       0x22 ./Core/Src/scheduler.o
 .debug_macro   0x00000000000166a3       0x10 ./Core/Src/scheduler.o
 .debug_macro   0x00000000000166b3       0x40 ./Core/Src/scheduler.o
 .debug_macro   0x00000000000166f3       0xd5 ./Core/Src/scheduler.o
 .debug_macro   0x00000000000167c8       0x1c ./Core/Src/scheduler.o
 .debug_macro   0x00000000000167e4       0x3d ./Core/Src/scheduler.o
 .debug_macro   0x0000000000016821       0x16 ./Core/Src/scheduler.o
 .debug_macro   0x0000000000016837      0x145 ./Core/Src/scheduler.o
 .debug_macro   0x000000000001697c      0x1c5 ./Core/Src/stm32f1xx_hal_msp.o
 .debug_macro   0x0000000000016b41      0x1cf ./Core/Src/stm32f1xx_it.o
 .debug_macro   0x0000000000016d10      0x1b6 ./Core/Src/system_stm32f1xx.o
 .debug_macro   0x0000000000016ec6      0x1da ./Drivers/STM32F1xx_HAL_Driver/Src/stm32f1xx_hal.o
 .debug_macro   0x00000000000170a0      0x1d3 ./Drivers/STM32F1xx_HAL_Driver/Src/stm32f1xx_hal_adc.o
 .debug_macro   0x0000000000017273      0x1b6 ./Drivers/STM32F1xx_HAL_Driver/Src/stm32f1xx_hal_cortex.o
 .debug_macro   0x0000000000017429      0x1b6 ./Drivers/STM32F1xx_HAL_Driver/Src/stm32f1xx_hal_dma.o
 .debug_macro   0x00000000000175df      0x221 ./Drivers/STM32F1xx_HAL_Driver/Src/stm32f1xx_hal_gpio.o
 .debug_macro   0x0000000000017800      0x1c8 ./Drivers/STM32F1xx_HAL_Driver/Src/stm32f1xx_hal_rcc.o
 .debug_macro   0x00000000000179c8      0x1b6 ./Drivers/STM32F1xx_HAL_Driver/Src/stm32f1xx_hal_rcc_ex.o
 .debug_macro   0x0000000000017b7e      0x1b7 ./Drivers/STM32F1xx_HAL_Driver/Src/stm32f1xx_hal_tim.o
 .debug_macro   0x0000000000017d35      0x1b6 ./Drivers/STM32F1xx_HAL_Driver/Src/stm32f1xx_hal_tim_ex.o
 .debug_macro   0x0000000000017eeb      0x1b7 ./Drivers/STM32F1xx_HAL_Driver/Src/stm32f1xx_hal_uart.o

.debug_line     0x0000000000000000     0xf56b
 .debug_line    0x0000000000000000      0xa5f ./Core/Src/main.o
 .debug_line    0x0000000000000a5f      0x978 ./Core/Src/scheduler.o
 .debug_line    0x00000000000013d7      0x906 ./Core/Src/stm32f1xx_hal_msp.o
 .debug_line    0x0000000000001cdd      0x920 ./Core/Src/stm32f1xx_it.o
 .debug_line    0x00000000000025fd      0x8ac ./Core/Src/system_stm32f1xx.o
 .debug_line    0x0000000000002ea9       0x87 ./Core/Startup/startup_stm32f103c6ux.o
 .debug_line    0x0000000000002f30      0xad9 ./Drivers/STM32F1xx_HAL_Driver/Src/stm32f1xx_hal.o
 .debug_line    0x0000000000003a09     0x1150 ./Drivers/STM32F1xx_HAL_Driver/Src/stm32f1xx_hal_adc.o
 .debug_line    0x0000000000004b59      0xcc1 ./Drivers/STM32F1xx_HAL_Driver/Src/stm32f1xx_hal_cortex.o
 .debug_line    0x000000000000581a      0xf31 ./Drivers/STM32F1xx_HAL_Driver/Src/stm32f1xx_hal_dma.o
 .debug_line    0x000000000000674b      0xb5a ./Drivers/STM32F1xx_HAL_Driver/Src/stm32f1xx_hal_gpio.o
 .debug_line    0x00000000000072a5      0xee7 ./Drivers/STM32F1xx_HAL_Driver/Src/stm32f1xx_hal_rcc.o
 .debug_line    0x000000000000818c      0xa25 ./Drivers/STM32F1xx_HAL_Driver/Src/stm32f1xx_hal_rcc_ex.o
 .debug_line    0x0000000000008bb1     0x3437 ./Drivers/STM32F1xx_HAL_Driver/Src/stm32f1xx_hal_tim.o
 .debug_line    0x000000000000bfe8     0x19cf ./Drivers/STM32F1xx_HAL_Driver/Src/stm32f1xx_hal_tim_ex.o
 .debug_line    0x000000000000d9b7     0x1bb4 ./Drivers/STM32F1xx_HAL_Driver/Src/stm32f1xx_hal_uart.o

.debug_str      0x0000000000000000    0x8d2bd
 .debug_str     0x0000000000000000    0x86304 ./Core/Src/main.o
                                      0x86746 (size before relaxing)
 .debug_str     0x0000000000086304     0x4100 ./Core/Src/scheduler.o
                                       0x81a2 (size before relaxing)
 .debug_str     0x000000000008a404      0x30b ./Core/Src/stm32f1xx_hal_msp.o
                                      0x86714 (size before relaxing)
 .debug_str     0x000000000008a70f       0xdf ./Core/Src/stm32f1xx_it.o
                                      0x862ce (size before relaxing)
 .debug_str     0x000000000008a7ee       0x52 ./Core/Src/system_stm32f1xx.o
                                      0x85ad9 (size before relaxing)
 .debug_str     0x000000000008a840       0x36 ./Core/Startup/startup_stm32f103c6ux.o
                                         0x81 (size before relaxing)
 .debug_str     0x000000000008a876      0x304 ./Drivers/STM32F1xx_HAL_Driver/Src/stm32f1xx_hal.o
                                      0x86130 (size before relaxing)
 .debug_str     0x000000000008ab7a      0x357 ./Drivers/STM32F1xx_HAL_Driver/Src/stm32f1xx_hal_adc.o
                                      0x86169 (size before relaxing)
 .debug_str     0x000000000008aed1      0x300 ./Drivers/STM32F1xx_HAL_Driver/Src/stm32f1xx_hal_cortex.o
                                      0x86138 (size before relaxing)
 .debug_str     0x000000000008b1d1      0x235 ./Drivers/STM32F1xx_HAL_Driver/Src/stm32f1xx_hal_dma.o
                                      0x85eb4 (size before relaxing)
 .debug_str     0x000000000008b406      0x31f ./Drivers/STM32F1xx_HAL_Driver/Src/stm32f1xx_hal_gpio.o
                                      0x85e9d (size before relaxing)
 .debug_str     0x000000000008b725      0x24f ./Drivers/STM32F1xx_HAL_Driver/Src/stm32f1xx_hal_rcc.o
                                      0x85ed6 (size before relaxing)
 .debug_str     0x000000000008b974       0xb9 ./Drivers/STM32F1xx_HAL_Driver/Src/stm32f1xx_hal_rcc_ex.o
                                      0x85c63 (size before relaxing)
 .debug_str     0x000000000008ba2d      0xdb5 ./Drivers/STM32F1xx_HAL_Driver/Src/stm32f1xx_hal_tim.o
                                      0x86ea8 (size before relaxing)
 .debug_str     0x000000000008c7e2      0x4ee ./Drivers/STM32F1xx_HAL_Driver/Src/stm32f1xx_hal_tim_ex.o
                                      0x86659 (size before relaxing)
 .debug_str     0x000000000008ccd0      0x5ed ./Drivers/STM32F1xx_HAL_Driver/Src/stm32f1xx_hal_uart.o
                                      0x864c8 (size before relaxing)

.comment        0x0000000000000000       0x53
 .comment       0x0000000000000000       0x53 ./Core/Src/main.o
                                         0x54 (size before relaxing)
 .comment       0x0000000000000053       0x54 ./Core/Src/scheduler.o
 .comment       0x0000000000000053       0x54 ./Core/Src/stm32f1xx_hal_msp.o
 .comment       0x0000000000000053       0x54 ./Core/Src/stm32f1xx_it.o
 .comment       0x0000000000000053       0x54 ./Core/Src/system_stm32f1xx.o
 .comment       0x0000000000000053       0x54 ./Drivers/STM32F1xx_HAL_Driver/Src/stm32f1xx_hal.o
 .comment       0x0000000000000053       0x54 ./Drivers/STM32F1xx_HAL_Driver/Src/stm32f1xx_hal_adc.o
 .comment       0x0000000000000053       0x54 ./Drivers/STM32F1xx_HAL_Driver/Src/stm32f1xx_hal_cortex.o
 .comment       0x0000000000000053       0x54 ./Drivers/STM32F1xx_HAL_Driver/Src/stm32f1xx_hal_dma.o
 .comment       0x0000000000000053       0x54 ./Drivers/STM32F1xx_HAL_Driver/Src/stm32f1xx_hal_gpio.o
 .comment       0x0000000000000053       0x54 ./Drivers/STM32F1xx_HAL_Driver/Src/stm32f1xx_hal_rcc.o
 .comment       0x0000000000000053       0x54 ./Drivers/STM32F1xx_HAL_Driver/Src/stm32f1xx_hal_rcc_ex.o
 .comment       0x0000000000000053       0x54 ./Drivers/STM32F1xx_HAL_Driver/Src/stm32f1xx_hal_tim.o
 .comment       0x0000000000000053       0x54 ./Drivers/STM32F1xx_HAL_Driver/Src/stm32f1xx_hal_tim_ex.o
 .comment       0x0000000000000053       0x54 ./Drivers/STM32F1xx_HAL_Driver/Src/stm32f1xx_hal_uart.o

.debug_frame    0x0000000000000000     0x37dc
 .debug_frame   0x0000000000000000      0x1bc ./Core/Src/main.o
 .debug_frame   0x00000000000001bc       0xd0 ./Core/Src/scheduler.o
 .debug_frame   0x000000000000028c      0x110 ./Core/Src/stm32f1xx_hal_msp.o
 .debug_frame   0x000000000000039c      0x13c ./Core/Src/stm32f1xx_it.o
 .debug_frame   0x00000000000004d8       0x58 ./Core/Src/system_stm32f1xx.o
 .debug_frame   0x0000000000000530      0x334 ./Drivers/STM32F1xx_HAL_Driver/Src/stm32f1xx_hal.o
 .debug_frame   0x0000000000000864      0x40c ./Drivers/STM32F1xx_HAL_Driver/Src/stm32f1xx_hal_adc.o
 .debug_frame   0x0000000000000c70      0x428 ./Drivers/STM32F1xx_HAL_Driver/Src/stm32f1xx_hal_cortex.o
 .debug_frame   0x0000000000001098      0x208 ./Drivers/STM32F1xx_HAL_Driver/Src/stm32f1xx_hal_dma.o
 .debug_frame   0x00000000000012a0      0x14c ./Drivers/STM32F1xx_HAL_Driver/Src/stm32f1xx_hal_gpio.o
 .debug_frame   0x00000000000013ec      0x21c ./Drivers/STM32F1xx_HAL_Driver/Src/stm32f1xx_hal_rcc.o
 .debug_frame   0x0000000000001608       0x84 ./Drivers/STM32F1xx_HAL_Driver/Src/stm32f1xx_hal_rcc_ex.o
 .debug_frame   0x000000000000168c     0x11b8 ./Drivers/STM32F1xx_HAL_Driver/Src/stm32f1xx_hal_tim.o
 .debug_frame   0x0000000000002844      0x638 ./Drivers/STM32F1xx_HAL_Driver/Src/stm32f1xx_hal_tim_ex.o
 .debug_frame   0x0000000000002e7c      0x914 ./Drivers/STM32F1xx_HAL_Driver/Src/stm32f1xx_hal_uart.o
 .debug_frame   0x0000000000003790       0x2c e:/phan mem hoc tap bk/stm32/stm32cubeide_1.7.0/stm32cubeide/plugins/com.st.stm32cube.ide.mcu.externaltools.gnu-tools-for-stm32.9-2020-q2-update.win32_2.0.0.202105311346/tools/bin/../lib/gcc/arm-none-eabi/9.3.1/../../../../arm-none-eabi/lib/thumb/v7-m/nofp\libc_nano.a(lib_a-init.o)
 .debug_frame   0x00000000000037bc       0x20 e:/phan mem hoc tap bk/stm32/stm32cubeide_1.7.0/stm32cubeide/plugins/com.st.stm32cube.ide.mcu.externaltools.gnu-tools-for-stm32.9-2020-q2-update.win32_2.0.0.202105311346/tools/bin/../lib/gcc/arm-none-eabi/9.3.1/../../../../arm-none-eabi/lib/thumb/v7-m/nofp\libc_nano.a(lib_a-memset.o)
